// Jest Snapshot v1, https://goo.gl/fbAQLP

exports[`FieldWrapper component renders 1`] = `
.sx1s1jh {
  -webkit-appearance: none;
  appearance: none;
  border: 1px solid var(--sx-colors-tonal400);
  border-radius: var(--sx-radii-0);
  box-shadow: none;
  box-sizing: border-box;
  color: var(--sx-colors-tonal800);
  cursor: text;
  display: block;
  font-family: var(--sx-fonts-body);
  padding-left: var(--sx-space-3);
  padding-right: var(--sx-space-3);
  transition: all 100ms ease-out;
  width: 100%;
}

.sx1s1jh:focus {
  border-color: var(--sx-colors-primary);
  outline: none;
}

.sx1s1jh[disabled] {
  background-color: var(--sx-colors-tonal100);
  color: var(--sx-colors-tonal600);
  cursor: not-allowed;
}

.sx1s1jhpw03g--size-md {
  height: var(--sx-sizes-4);
  font-size: var(--sx-fontSizes-md);
}

.sx2cs53 {
  display: flex;
}

.sx2cs53-qom1k {
  justify-content: space-between;
  align-items: center;
  margin-bottom: var(--sx-space-3);
}

.sx2cs53-ks48k {
  color: var(--sx-colors-danger);
  align-items: center;
  margin-top: var(--sx-space-2);
}

.sxj1d4e {
  color: var(--sx-colors-tonal800);
  font-family: var(--sx-fonts-body);
  font-weight: 400;
  margin: 0;
}

.sxj1d4eid6h2--size-sm {
  font-size: var(--sx-fontSizes-sm);
  line-height: 1.53;
}

.sxj1d4eid6h2--size-sm::before {
  content: '';
  margin-bottom: -0.4056em;
  display: table;
}

.sxj1d4eid6h2--size-sm::after {
  content: '';
  margin-top: -0.4056em;
  display: table;
}

.sxj1d4e-2obmh {
  color: inherit;
}

.sx5eeij {
  color: var(--sx-colors-tonal800);
  display: block;
  font-family: var(--sx-fonts-body);
  font-weight: 600;
  margin: 0;
}

.sx5eeij8bitc--size-md {
  font-size: var(--sx-fontSizes-md);
  line-height: 1.5;
}

.sx5eeij8bitc--size-md::before {
  content: '';
  margin-bottom: -0.3864em;
  display: table;
}

.sx5eeij8bitc--size-md::after {
  content: '';
  margin-top: -0.3864em;
  display: table;
}

.sxlc3or {
  background: unset;
  border: unset;
  padding: unset;
  color: var(--sx-colors-primary);
  cursor: pointer;
  font-family: var(--sx-fonts-body);
  text-decoration: none;
}

.sxlc3or:focus,
.sxlc3or:hover {
  color: var(--sx-colors-tertiary);
  text-decoration: underline;
}

.sxlc3or:active {
  color: var(--sx-colors-primary);
}

.sxj1d4e > .sxlc3or,
.sxh1zwe > .sxlc3or,
.sx03kze > .sxlc3or {
  font-size: 100%;
  line-height: 1;
}

.sxj1d4e > .sxlc3or::before,
.sxj1d4e > .sxlc3or::after,
.sxh1zwe > .sxlc3or::before,
.sxh1zwe > .sxlc3or::after,
.sx03kze > .sxlc3or::before,
.sx03kze > .sxlc3or::after {
  content: none;
}

.sxlc3orid6h2--size-sm {
  font-size: var(--sx-fontSizes-sm);
  line-height: 1.53;
}

.sxlc3orid6h2--size-sm::before {
  content: '';
  margin-bottom: -0.4056em;
  display: table;
}

.sxlc3orid6h2--size-sm::after {
  content: '';
  margin-top: -0.4056em;
  display: table;
}

.sxtros6 {
  display: inline-block;
  fill: none;
  stroke: currentcolor;
  stroke-linecap: round;
  stroke-linejoin: round;
  stroke-width: 2;
  vertical-align: middle;
}

.sxtros6or94y--size-sm {
  height: var(--sx-sizes-1);
  width: var(--sx-sizes-1);
}

.sxtros6-385xm {
  margin-right: var(--sx-space-2);
}

<div>
  <div
    class="sx03kze"
  >
    <div
      class="sx2cs53 sx2cs53-qom1k"
    >
      <label
        class="sx5eeij sx5eeij8bitc--size-md"
        for="example"
      >
        Example Field
      </label>
      <a
        class="sxlc3or sxlc3orid6h2--size-sm"
        href="https://example.com"
      >
        Example prompt
      </a>
    </div>
    <input
      class="sx1s1jh sx1s1jhpw03g--size-md"
      id="example"
      name="example"
      type="text"
    />
    <div
      class="sx2cs53 sx2cs53-ks48k"
    >
      <svg
        aria-hidden="true"
        class="sxtros6 sxtros6or94y--size-sm sxtros6-385xm"
        viewBox="0 0 24 24"
        xmlns="http://www.w3.org/2000/svg"
      >
        <path
          d="M12 8v5"
        />
        <line
          x1="12"
          x2="12"
          y1="16"
          y2="16"
        />
        <circle
          cx="12"
          cy="12"
          r="10"
        />
      </svg>
      <p
        class="sxj1d4e sxj1d4eid6h2--size-sm sxj1d4e-2obmh"
      >
        Example error
      </p>
    </div>
  </div>
</div>
`;
