// Jest Snapshot v1, https://goo.gl/fbAQLP

exports[`FieldWrapper component renders 1`] = `
.sxg6i02 {
  -webkit-appearance: none;
  appearance: none;
  border: 1px solid var(--sx-colors-tonal400);
  border-radius: var(--sx-radii-0);
  box-shadow: none;
  box-sizing: border-box;
  color: var(--sx-colors-tonal900);
  cursor: text;
  display: block;
  font-family: var(--sx-fonts-body);
  font-size: var(--sx-fontSizes-md);
  height: var(--sx-sizes-4);
  width: 100%;
  padding: var(--sx-space-3);
  transition: all 100ms ease-out;
}

.sxg6i02:focus {
  border-color: var(--sx-colors-primary);
  outline: none;
}

.sxg6i02[disabled] {
  background-color: var(--sx-colors-tonal300);
  color: var(--sx-colors-tonal700);
  cursor: not-allowed;
}

.sx2cs53 {
  display: flex;
}

.sx2cs53-re4mk {
  justify-content: space-between;
  align-items: center;
  margin-bottom: var(--sx-space-2);
}

.sx9h9si {
  color: var(--sx-colors-tonal900);
  font-family: var(--sx-fonts-body);
  font-weight: 400;
  margin: 0;
}

.sx9h9si6tbwj--size-sm {
  font-size: var(--sx-fontSizes-sm);
  line-height: 1.53;
}

.sx9h9si6tbwj--size-sm::before {
  content: '';
  margin-bottom: -0.4056em;
  display: table;
}

.sx9h9si6tbwj--size-sm::after {
  content: '';
  margin-top: -0.4056em;
  display: table;
}

.sx9h9si-m6cy5 {
  color: var(--sx-colors-danger);
  margin-top: var(--sx-space-1);
}

.sxh0wga {
  color: var(--sx-colors-tonal800);
  display: block;
  font-family: var(--sx-fonts-body);
  font-weight: 600;
  margin: 0;
}

.sxh0wgaryo8u--size-md {
  font-size: var(--sx-fontSizes-md);
  line-height: 1.5;
}

.sxh0wgaryo8u--size-md::before {
  content: '';
  margin-bottom: -0.3864em;
  display: table;
}

.sxh0wgaryo8u--size-md::after {
  content: '';
  margin-top: -0.3864em;
  display: table;
}

.sxaowvp {
  background: unset;
  border: unset;
  padding: unset;
  color: var(--sx-colors-primary);
  cursor: pointer;
  font-family: var(--sx-fonts-body);
  text-decoration: none;
}

.sxaowvp:focus,
.sxaowvp:hover {
  color: var(--sx-colors-tertiary);
  text-decoration: underline;
}

.sxaowvp:active {
  color: var(--sx-colors-primary);
}

.sx9h9si > .sxaowvp,
.sxggena > .sxaowvp,
.sx03kze > .sxaowvp {
  font-size: 100%;
  line-height: 1;
}

.sx9h9si > .sxaowvp::before,
.sx9h9si > .sxaowvp::after,
.sxggena > .sxaowvp::before,
.sxggena > .sxaowvp::after,
.sx03kze > .sxaowvp::before,
.sx03kze > .sxaowvp::after {
  content: none;
}

.sxaowvp6tbwj--size-sm {
  font-size: var(--sx-fontSizes-sm);
  line-height: 1.53;
}

.sxaowvp6tbwj--size-sm::before {
  content: '';
  margin-bottom: -0.4056em;
  display: table;
}

.sxaowvp6tbwj--size-sm::after {
  content: '';
  margin-top: -0.4056em;
  display: table;
}

<div>
  <div
    class="sx03kze"
  >
    <div
      class="sx2cs53 sx2cs53-re4mk"
    >
      <label
        class="sxh0wga sxh0wgaryo8u--size-md"
        for="example"
      >
        Example Field
      </label>
      <a
        class="sxaowvp sxaowvp6tbwj--size-sm"
        href="https://example.com"
      >
        Example prompt
      </a>
    </div>
    <input
      class="sxg6i02"
      id="example"
      name="example"
      type="text"
    />
    <p
      class="sx9h9si sx9h9si6tbwj--size-sm sx9h9si-m6cy5"
    >
      Example error
    </p>
  </div>
</div>
`;
