// Jest Snapshot v1, https://goo.gl/fbAQLP

exports[`StackContent component renders a stack content 1`] = `
@media  {
  .c-kSPWtE > *:not(:first-child) {
    margin-top: var(--space-5);
  }

  .c-kSPWtE > *:not(:last-child) {
    margin-bottom: var(--space-5);
  }

  .c-kSPWtE > .c-jryFOR {
    max-width: 65ch;
  }

  .c-kSPWtE > .c-dyvMgW {
    max-width: 75ch;
  }

  .c-kSPWtE > .c-iTpJUe {
    max-width: 75ch;
  }

  .c-kSPWtE > .c-fNKiiB {
    margin-top: var(--space-5);
    margin-bottom: var(--space-5);
  }

  .c-kSPWtE > .c-iSBxEZ {
    display: block;
  }

  .c-kSPWtE > .c-iSBxEZ:not(:first-child) {
    margin-top: var(--space-6);
  }

  .c-kSPWtE > .c-iSBxEZ:not(:last-child) {
    margin-bottom: var(--space-6);
  }

  .c-jryFOR {
    font-family: var(--fonts-display);
    font-weight: 700;
    margin: 0;
  }

  .c-dyvMgW {
    font-family: var(--fonts-body);
    font-weight: 400;
    margin: 0;
  }

  .c-dyvMgW > .c-dyvMgW:before,
  .c-dyvMgW > .c-dyvMgW:after {
    display: none;
  }

  .c-fNKiiB {
    border: 0;
    background: var(--colors-tonal100);
  }

  .c-iTpJUe {
    list-style-position: inside;
    font-family: var(--fonts-body);
    display: flex;
    flex-direction: column;
    gap: var(--space-2);
    margin: unset;
    padding: unset;
  }

  .c-iSBxEZ {
    vertical-align: middle;
    max-width: 100%;
  }
}

@media  {
  .c-jryFOR-fOoUdm-size-md {
    font-size: var(--fontSizes-xl);
    line-height: 1.14;
  }

  .c-jryFOR-fOoUdm-size-md::before {
    content: '';
    margin-bottom: -0.2174em;
    display: table;
  }

  .c-jryFOR-fOoUdm-size-md::after {
    content: '';
    margin-top: -0.2254em;
    display: table;
  }

  .c-dyvMgW-gvmVBy-size-md {
    font-size: var(--fontSizes-md);
    line-height: 1.5;
  }

  .c-dyvMgW-gvmVBy-size-md::before {
    content: '';
    margin-bottom: -0.3864em;
    display: table;
  }

  .c-dyvMgW-gvmVBy-size-md::after {
    content: '';
    margin-top: -0.3864em;
    display: table;
  }

  .c-fNKiiB-jokUAR-orientation-horizontal {
    height: 1px;
    width: 100%;
  }

  .c-iTpJUe-gvmVBy-size-md {
    font-size: var(--fontSizes-md);
    line-height: 1.5;
  }

  .c-iTpJUe-gvmVBy-size-md::before {
    content: '';
    margin-bottom: -0.3864em;
    display: table;
  }

  .c-iTpJUe-gvmVBy-size-md::after {
    content: '';
    margin-top: -0.3864em;
    display: table;
  }

  .c-iTpJUe-fmPQHp-noCapsize-true::before,
  .c-iTpJUe-fmPQHp-noCapsize-true::after {
    display: none !important;
  }

  .c-iTpJUe-ldmvkx-as-ul {
    padding-left: var(--space-3);
  }

  .c-iTpJUe-ldmvkx-as-ul > .c-PJLV {
    padding-left: var(--space-2);
  }

  .c-iTpJUe-ldmvkx-as-ul > .c-PJLV::marker {
    content: "• ";
    font-weight: bold;
  }
}

@media  {
  .c-fNKiiB-igmqXFB-css {
    color: red;
  }
}

<div>
  <div
    class="c-kSPWtE"
  >
    <h2
      class="c-jryFOR c-jryFOR-fOoUdm-size-md"
    >
      HEADING
    </h2>
    <p
      class="c-dyvMgW c-dyvMgW-gvmVBy-size-md"
    >
      TEXT
    </p>
    <hr
      class="c-fNKiiB c-fNKiiB-jokUAR-orientation-horizontal c-fNKiiB-igmqXFB-css"
    />
    <ul
      class="c-iTpJUe c-iTpJUe-gvmVBy-size-md c-iTpJUe-fmPQHp-noCapsize-true c-iTpJUe-ldmvkx-as-ul"
    >
      <li
        class="c-PJLV"
      />
    </ul>
    <img
      class="c-iSBxEZ"
      src=""
    />
  </div>
</div>
`;
