// Jest Snapshot v1, https://goo.gl/fbAQLP

exports[`StackContent component renders a stack content 1`] = `
@media  {
  .c-bJoNOb > *:not(:first-child) {
    margin-top: var(--space-5);
  }

  .c-bJoNOb > *:not(:last-child) {
    margin-bottom: var(--space-5);
  }

  .c-bJoNOb > .c-iUMJTc {
    max-width: 65ch;
  }

  .c-bJoNOb > .c-ctivzP {
    max-width: 75ch;
  }

  .c-bJoNOb > .c-bBdCwN {
    max-width: 75ch;
  }

  .c-bJoNOb > .c-fNKiiB {
    margin-top: var(--space-5);
    margin-bottom: var(--space-5);
  }

  .c-bJoNOb > .c-iSBxEZ {
    display: block;
  }

  .c-bJoNOb > .c-iSBxEZ:not(:first-child) {
    margin-top: var(--space-6);
  }

  .c-bJoNOb > .c-iSBxEZ:not(:last-child) {
    margin-bottom: var(--space-6);
  }

  .c-iUMJTc {
    font-weight: 700;
    margin: 0;
  }

  .c-ctivzP {
    margin: 0;
  }

  .c-ctivzP > .c-ctivzP:before,
  .c-ctivzP > .c-ctivzP:after {
    display: none;
  }

  .c-fNKiiB {
    border: 0;
    background: var(--colors-tonal100);
  }

  .c-bBdCwN {
    list-style-position: inside;
    font-family: var(--fonts-body);
    margin: unset;
    padding: unset;
  }

  .c-bBdCwN > .c-PJLV:not(:last-child) {
    margin-bottom: var(--space-2);
  }

  .c-bBdCwN > .c-PJLV:last-child {
    margin-bottom: 0;
  }

  .c-iSBxEZ {
    vertical-align: middle;
    max-width: 100%;
  }
}

@media  {
  .c-iUMJTc-iEIMJs-size-md {
    font-family: var(--fonts-body);
    font-size: var(--fontSizes-xl);
    line-height: 1.14;
  }

  .c-iUMJTc-iEIMJs-size-md::before {
    content: '';
    margin-bottom: -0.2078em;
    display: table;
  }

  .c-iUMJTc-iEIMJs-size-md::after {
    content: '';
    margin-top: -0.2078em;
    display: table;
  }

  .c-ctivzP-gvmVBy-size-md {
    font-size: var(--fontSizes-md);
    line-height: 1.5;
  }

  .c-ctivzP-gvmVBy-size-md::before {
    content: '';
    margin-bottom: -0.3864em;
    display: table;
  }

  .c-ctivzP-gvmVBy-size-md::after {
    content: '';
    margin-top: -0.3864em;
    display: table;
  }

  .c-ctivzP-eMzMJc-weight-normal {
    font-weight: 400;
  }

  .c-ctivzP-cyRcZm-family-body {
    font-family: var(--fonts-body);
  }

  .c-fNKiiB-jokUAR-orientation-horizontal {
    height: 1px;
    width: 100%;
  }

  .c-bBdCwN-gvmVBy-size-md {
    font-size: var(--fontSizes-md);
    line-height: 1.5;
  }

  .c-bBdCwN-gvmVBy-size-md::before {
    content: '';
    margin-bottom: -0.3864em;
    display: table;
  }

  .c-bBdCwN-gvmVBy-size-md::after {
    content: '';
    margin-top: -0.3864em;
    display: table;
  }

  .c-bBdCwN-fmPQHp-noCapsize-true::before,
  .c-bBdCwN-fmPQHp-noCapsize-true::after {
    display: none !important;
  }

  .c-bBdCwN-ldmvkx-as-ul {
    padding-left: var(--space-3);
  }

  .c-bBdCwN-ldmvkx-as-ul > .c-PJLV {
    padding-left: var(--space-2);
  }

  .c-bBdCwN-ldmvkx-as-ul > .c-PJLV::marker {
    content: "• ";
    font-weight: bold;
  }
}

@media  {
  .c-fNKiiB-igmqXFB-css {
    color: red;
  }
}

<div>
  <div
    class="c-bJoNOb"
  >
    <h2
      class="c-iUMJTc c-iUMJTc-iEIMJs-size-md"
    >
      HEADING
    </h2>
    <p
      class="c-ctivzP c-ctivzP-gvmVBy-size-md c-ctivzP-eMzMJc-weight-normal c-ctivzP-cyRcZm-family-body"
    >
      TEXT
    </p>
    <hr
      class="c-fNKiiB c-fNKiiB-jokUAR-orientation-horizontal c-fNKiiB-igmqXFB-css"
    />
    <ul
      class="c-bBdCwN c-bBdCwN-gvmVBy-size-md c-bBdCwN-fmPQHp-noCapsize-true c-bBdCwN-ldmvkx-as-ul"
    >
      <li
        class="c-PJLV"
      />
    </ul>
    <img
      class="c-iSBxEZ"
      src=""
    />
  </div>
</div>
`;
