// Vitest Snapshot v1

exports[`PasswordInput component > renders 1`] = `
<div>
  <div
    class="c-PJLV c-PJLV-icmpvrW-css"
  >
    <input
      class="c-fZTBsJ c-fZTBsJ-pHZal-size-md c-fZTBsJ-icFLuKp-css"
      type="password"
    />
    <button
      aria-label="Show password"
      class="c-fDzwZw c-fDzwZw-PrXKS-size-lg c-fDzwZw-otpKd-cv c-fDzwZw-ifcWtbu-css"
      type="button"
    >
      <svg
        aria-hidden="true"
        class="c-dbrbZt c-dbrbZt-hemXWm-size-md c-dbrbZt-ihFPSGE-css"
        viewBox="0 0 24 24"
        xmlns="http://www.w3.org/2000/svg"
      >
        <path
          d="M22 12s-3 6-10 6-10-6-10-6 3-6 10-6 10 6 10 6z"
        />
        <circle
          cx="12"
          cy="12"
          r="3"
        />
        <path
          d="M3 21L20 4"
        />
      </svg>
    </button>
  </div>
</div>
`;
