// Jest Snapshot v1, https://goo.gl/fbAQLP

exports[`Checkbox component renders a checkbox 1`] = `
<div>
  <label>
    <input
      hidden=""
      type="checkbox"
      value="on"
    />
    <button
      aria-checked="false"
      class="c-MHVTU"
      data-state="unchecked"
      role="checkbox"
      title="test"
      type="button"
      value="on"
    />
  </label>
</div>
`;
