// Jest Snapshot v1, https://goo.gl/fbAQLP

exports[`Checkbox component renders a checkbox 1`] = `
._ivlZpt._ivlZpt._ivlZpt._ivlZpt:focus-within {
  outline: none;
}

._kfgyEr._kfgyEr[data-state="checked"]:hover,
._kfgyEr[data-state="unchecked"]:focus {
  outline: none;
}

._jrmBkG._jrmBkG[data-state="checked"]:hover,
._jrmBkG[data-state="unchecked"]:focus {
  box-shadow: inset 0 0 0 2px var(--colors-secondary700);
}

._cMbILZ._cMbILZ[data-state="checked"]:hover,
._cMbILZ[data-state="unchecked"]:focus {
  background-color: var(--colors-secondary700);
}

._iHIYYq[data-state="checked"] {
  background-color: var(--colors-secondary300);
}

._dXLKvU._dXLKvU._dXLKvU._dXLKvU[data-state="unchecked"]:focus,
._dXLKvU[data-state="unchecked"]:hover {
  outline: none;
}

._haUbmJ._haUbmJ._haUbmJ._haUbmJ[data-state="unchecked"]:focus,
._haUbmJ[data-state="unchecked"]:hover {
  box-shadow: inset 0 0 0 2px var(--colors-secondary700);
}

._dpPDNU._dpPDNU._dpPDNU._dpPDNU[data-state="unchecked"]:focus,
._dpPDNU[data-state="unchecked"]:hover {
  background-color: var(--colors-tonal300);
}

._kKqLFw {
  transition-timing-function: ease-out;
}

._dmGTUL {
  transition-duration: 100ms;
}

._eaYTuA {
  transition-property: all;
}

._jBdvvl {
  justify-content: center;
}

._dtUAqZ {
  align-items: center;
}

._iqmwNh {
  display: flex;
}

._haYhrD {
  padding-left: 0px;
}

._dBIZWf {
  padding-bottom: 0px;
}

._ifTTws {
  padding-right: 0px;
}

._knCjlL {
  padding-top: 0px;
}

._hMNIxR {
  width: var(--sizes-0);
}

._dVjKDk {
  height: var(--sizes-0);
}

._cKSYdt {
  cursor: pointer;
}

._htOODa {
  color: white;
}

._jJtiCr {
  box-shadow: inset 0 0 0 2px var(--colors-secondary300);
}

._gpXcaM {
  border-bottom-right-radius: var(--radii-0);
}

._pLtwA {
  border-top-right-radius: var(--radii-0);
}

._cSbnDL {
  border-top-left-radius: var(--radii-0);
}

._dEFdBr {
  border-bottom-left-radius: var(--radii-0);
}

._foQeyu {
  border-left-style: none;
}

._lmVhDS {
  border-bottom-style: none;
}

._jOpMN {
  border-right-style: none;
}

._eEUDVO {
  border-top-style: none;
}

._cqfPeM {
  background-color: transparent;
}

._fAMvjM {
  appearance: none;
}

<div>
  <label>
    <input
      hidden=""
      type="checkbox"
      value="on"
    />
    <button
      aria-checked="false"
      class="_fAMvjM _cqfPeM _eEUDVO _jOpMN _lmVhDS _foQeyu _dEFdBr _cSbnDL _pLtwA _gpXcaM _jJtiCr _htOODa _cKSYdt _dVjKDk _hMNIxR _knCjlL _ifTTws _dBIZWf _haYhrD _iqmwNh _dtUAqZ _jBdvvl _eaYTuA _dmGTUL _kKqLFw _dpPDNU _haUbmJ _dXLKvU _iHIYYq _cMbILZ _jrmBkG _kfgyEr _ivlZpt scid-ioqccs"
      data-radix-checkbox=""
      data-state="unchecked"
      role="checkbox"
      title="test"
      type="button"
      value="on"
    />
  </label>
</div>
`;
