// Jest Snapshot v1, https://goo.gl/fbAQLP

exports[`FileInput component renders 1`] = `
@media  {
  .c-fkUJsw {
    align-items: center;
    background: unset;
    border: unset;
    border-radius: var(--radii-0);
    cursor: pointer;
    display: flex;
    font-family: var(--fonts-body);
    font-weight: 600;
    justify-content: center;
    padding: unset;
    text-decoration: none;
    transition: all 100ms ease-out;
    white-space: nowrap;
    width: max-content;
  }
}

@media  {
  .c-fkUJsw-elrwsr-size-md {
    font-size: var(--fontSizes-md);
    line-height: 1.5;
    height: var(--sizes-4);
    padding-left: var(--space-5);
    padding-right: var(--space-5);
  }
}

@media  {
  .c-fkUJsw-fSssiS-cv {
    border: 1px solid;
    border-color: currentColor;
    color: var(--colors-primary);
  }

  .c-fkUJsw-fSssiS-cv[disabled] {
    border-color: var(--colors-tonal400);
    color: var(--colors-tonal400);
    cursor: not-allowed;
  }

  .c-fkUJsw-fSssiS-cv:not([disabled]):hover,
  .c-fkUJsw-fSssiS-cv:not([disabled]):focus {
    text-decoration: none;
    color: var(--colors-primaryMid);
  }

  .c-fkUJsw-fSssiS-cv:not([disabled]):active {
    color: var(--colors-primaryDark);
  }
}

<div>
  <input
    data-testid="file-upload"
    hidden=""
    id="file-input-id"
    type="file"
  />
  <label
    class="c-fkUJsw c-fkUJsw-elrwsr-size-md c-fkUJsw-fSssiS-cv"
    for="file-input-id"
    type="button"
  >
    Select file
  </label>
</div>
`;
