// Jest Snapshot v1, https://goo.gl/fbAQLP

exports[`SearchInput component renders 1`] = `
<div>
  <div
    class="c-PJLV c-PJLV-icmpvrW-css"
  >
    <svg
      aria-hidden="true"
      class="c-dBUxNn c-dBUxNn-fDXBFo-size-md c-dBUxNn-iXjOke-css"
      viewBox="0 0 24 24"
      xmlns="http://www.w3.org/2000/svg"
    >
      <path
        d="M14.412 14.412L20 20"
      />
      <circle
        cx="10"
        cy="10"
        r="6"
      />
    </svg>
    <input
      class="c-dtikvq c-dtikvq-pHZal-size-md c-dtikvq-icSgxUp-css"
      type="search"
    />
  </div>
</div>
`;
