// Vitest Snapshot v1

exports[`MarkdownContent component > renders 1`] = `
<div>
  <div
    class="c-PJLV"
  >
    <hr
      class="c-jpqjUq c-jpqjUq-jokUAR-orientation-horizontal c-jpqjUq-icGzAje-css"
    />
    <h2
      class="c-iSnHBU c-iSnHBU-bSbzjX-size-lg c-iSnHBU-ifCXdlF-css"
    >
      Headings
    </h2>
    <hr
      class="c-jpqjUq c-jpqjUq-jokUAR-orientation-horizontal c-jpqjUq-icGzAje-css"
    />
    <h1
      class="c-iSnHBU c-iSnHBU-kYeJd-size-xl c-iSnHBU-ifCXdlF-css"
    >
      h1 Heading
    </h1>
    <h2
      class="c-iSnHBU c-iSnHBU-bSbzjX-size-lg c-iSnHBU-ifCXdlF-css"
    >
      h2 Heading
    </h2>
    <h3
      class="c-iSnHBU c-iSnHBU-fOoUdm-size-md c-iSnHBU-ifCXdlF-css"
    >
      h3 Heading
    </h3>
    <h4
      class="c-iSnHBU c-iSnHBU-dtbHih-size-sm c-iSnHBU-ifCXdlF-css"
    >
      h4 Heading
    </h4>
    <h5
      class="c-iSnHBU c-iSnHBU-llheLm-size-xs c-iSnHBU-ifCXdlF-css"
    >
      h5 Heading
    </h5>
    <h6
      class="c-iSnHBU c-iSnHBU-llheLm-size-xs c-iSnHBU-ifCXdlF-css"
    >
      h6 Heading
    </h6>
    <hr
      class="c-jpqjUq c-jpqjUq-jokUAR-orientation-horizontal c-jpqjUq-icGzAje-css"
    />
    <h2
      class="c-iSnHBU c-iSnHBU-bSbzjX-size-lg c-iSnHBU-ifCXdlF-css"
    >
      Emphasis
    </h2>
    <hr
      class="c-jpqjUq c-jpqjUq-jokUAR-orientation-horizontal c-jpqjUq-icGzAje-css"
    />
    <p
      class="c-fIXJvv c-fIXJvv-gvmVBy-size-md c-fIXJvv-ijBQtuh-css"
    >
      <strong
        class="c-ecBjWS"
      >
        This is bold text
      </strong>
    </p>
    <p
      class="c-fIXJvv c-fIXJvv-gvmVBy-size-md c-fIXJvv-ijBQtuh-css"
    >
      <strong
        class="c-ecBjWS"
      >
        This is bold text
      </strong>
    </p>
    <p
      class="c-fIXJvv c-fIXJvv-gvmVBy-size-md c-fIXJvv-ijBQtuh-css"
    >
      <em
        class="c-bYNGXt"
      >
        This is italic text
      </em>
    </p>
    <p
      class="c-fIXJvv c-fIXJvv-gvmVBy-size-md c-fIXJvv-ijBQtuh-css"
    >
      <em
        class="c-bYNGXt"
      >
        This is italic text
      </em>
    </p>
    <hr
      class="c-jpqjUq c-jpqjUq-jokUAR-orientation-horizontal c-jpqjUq-icGzAje-css"
    />
    <h2
      class="c-iSnHBU c-iSnHBU-bSbzjX-size-lg c-iSnHBU-ifCXdlF-css"
    >
      Blockquotes
    </h2>
    <hr
      class="c-jpqjUq c-jpqjUq-jokUAR-orientation-horizontal c-jpqjUq-icGzAje-css"
    />
    <hr
      class="c-jpqjUq c-jpqjUq-jokUAR-orientation-horizontal c-jpqjUq-icGzAje-css"
    />
    <h2
      class="c-iSnHBU c-iSnHBU-bSbzjX-size-lg c-iSnHBU-ifCXdlF-css"
    >
      Lists
    </h2>
    <hr
      class="c-jpqjUq c-jpqjUq-jokUAR-orientation-horizontal c-jpqjUq-icGzAje-css"
    />
    <h3
      class="c-iSnHBU c-iSnHBU-fOoUdm-size-md c-iSnHBU-ifCXdlF-css"
    >
      Unordered
    </h3>
    <ul
      class="c-iQukjL c-iQukjL-bfiEAN-size-md c-iQukjL-DlQlZ-as-ul c-iQukjL-iapbzE-css"
    >
      <li
        class="c-PJLV"
      >
        <p
          class="c-fIXJvv c-fIXJvv-gvmVBy-size-md c-fIXJvv-ibHwuwj-css"
        >
          Create a list by starting a line with 
          <code
            class="c-PJLV c-bUqGCm"
          >
            +
          </code>
          , 
          <code
            class="c-PJLV c-bUqGCm"
          >
            -
          </code>
          , or 
          <code
            class="c-PJLV c-bUqGCm"
          >
            *
          </code>
        </p>
      </li>
      <li
        class="c-PJLV"
      >
        <p
          class="c-fIXJvv c-fIXJvv-gvmVBy-size-md c-fIXJvv-ibHwuwj-css"
        >
          Sub-lists are made by indenting 2 spaces:
        </p>
        <ul
          class="c-iQukjL c-iQukjL-bfiEAN-size-md c-iQukjL-DlQlZ-as-ul c-iQukjL-igZTZYS-css"
        >
          <li
            class="c-PJLV"
          >
            <p
              class="c-fIXJvv c-fIXJvv-gvmVBy-size-md c-fIXJvv-ibHwuwj-css"
            >
              Marker character change forces new list start:
            </p>
            <ul
              class="c-iQukjL c-iQukjL-bfiEAN-size-md c-iQukjL-DlQlZ-as-ul c-iQukjL-igZTZYS-css"
            >
              <li
                class="c-PJLV"
              >
                <p
                  class="c-fIXJvv c-fIXJvv-gvmVBy-size-md c-fIXJvv-ibHwuwj-css"
                >
                  Ac tristique libero volutpat at
                </p>
              </li>
            </ul>
            <ul
              class="c-iQukjL c-iQukjL-bfiEAN-size-md c-iQukjL-DlQlZ-as-ul c-iQukjL-igZTZYS-css"
            >
              <li
                class="c-PJLV"
              >
                <p
                  class="c-fIXJvv c-fIXJvv-gvmVBy-size-md c-fIXJvv-ibHwuwj-css"
                >
                  Facilisis in pretium nisl aliquet
                </p>
              </li>
            </ul>
            <ul
              class="c-iQukjL c-iQukjL-bfiEAN-size-md c-iQukjL-DlQlZ-as-ul c-iQukjL-igZTZYS-css"
            >
              <li
                class="c-PJLV"
              >
                <p
                  class="c-fIXJvv c-fIXJvv-gvmVBy-size-md c-fIXJvv-ibHwuwj-css"
                >
                  Nulla volutpat aliquam velit
                </p>
              </li>
            </ul>
          </li>
        </ul>
      </li>
      <li
        class="c-PJLV"
      >
        <p
          class="c-fIXJvv c-fIXJvv-gvmVBy-size-md c-fIXJvv-ibHwuwj-css"
        >
          Very easy!
        </p>
      </li>
    </ul>
    <h3
      class="c-iSnHBU c-iSnHBU-fOoUdm-size-md c-iSnHBU-ifCXdlF-css"
    >
      Ordered
    </h3>
    <ol
      class="c-iQukjL c-iQukjL-bfiEAN-size-md c-iQukjL-jrjcGe-as-ol c-iQukjL-iapbzE-css"
    >
      <li
        class="c-PJLV"
      >
        <p
          class="c-fIXJvv c-fIXJvv-gvmVBy-size-md c-fIXJvv-ibHwuwj-css"
        >
          Lorem ipsum dolor sit amet
        </p>
      </li>
      <li
        class="c-PJLV"
      >
        <p
          class="c-fIXJvv c-fIXJvv-gvmVBy-size-md c-fIXJvv-ibHwuwj-css"
        >
          Consectetur adipiscing elit
        </p>
      </li>
      <li
        class="c-PJLV"
      >
        <p
          class="c-fIXJvv c-fIXJvv-gvmVBy-size-md c-fIXJvv-ibHwuwj-css"
        >
          Integer molestie lorem at massa
        </p>
      </li>
      <li
        class="c-PJLV"
      >
        <p
          class="c-fIXJvv c-fIXJvv-gvmVBy-size-md c-fIXJvv-ibHwuwj-css"
        >
          You can use sequential numbers...
        </p>
      </li>
      <li
        class="c-PJLV"
      >
        <p
          class="c-fIXJvv c-fIXJvv-gvmVBy-size-md c-fIXJvv-ibHwuwj-css"
        >
          ...or keep all the numbers as 
          <code
            class="c-PJLV c-bUqGCm"
          >
            1.
          </code>
        </p>
      </li>
    </ol>
    <hr
      class="c-jpqjUq c-jpqjUq-jokUAR-orientation-horizontal c-jpqjUq-icGzAje-css"
    />
    <h2
      class="c-iSnHBU c-iSnHBU-bSbzjX-size-lg c-iSnHBU-ifCXdlF-css"
    >
      Code
    </h2>
    <hr
      class="c-jpqjUq c-jpqjUq-jokUAR-orientation-horizontal c-jpqjUq-icGzAje-css"
    />
    <h3
      class="c-iSnHBU c-iSnHBU-fOoUdm-size-md c-iSnHBU-ifCXdlF-css"
    >
      Inline code
    </h3>
    <p
      class="c-fIXJvv c-fIXJvv-gvmVBy-size-md c-fIXJvv-ijBQtuh-css"
    >
      This is inline 
      <code
        class="c-PJLV c-bUqGCm"
      >
        code
      </code>
    </p>
    <h3
      class="c-iSnHBU c-iSnHBU-fOoUdm-size-md c-iSnHBU-ifCXdlF-css"
    >
      Indented code
    </h3>
    <pre
      class="c-PJLV c-lopCzs"
    >
      // Some comments
line 1 of code
line 2 of code
line 3 of code
    </pre>
    <h3
      class="c-iSnHBU c-iSnHBU-fOoUdm-size-md c-iSnHBU-ifCXdlF-css"
    >
      Block code "fences"
    </h3>
    <pre
      class="c-PJLV c-lopCzs"
    >
      Sample text here...
    </pre>
    <hr
      class="c-jpqjUq c-jpqjUq-jokUAR-orientation-horizontal c-jpqjUq-icGzAje-css"
    />
    <h2
      class="c-iSnHBU c-iSnHBU-bSbzjX-size-lg c-iSnHBU-ifCXdlF-css"
    >
      Links
    </h2>
    <hr
      class="c-jpqjUq c-jpqjUq-jokUAR-orientation-horizontal c-jpqjUq-icGzAje-css"
    />
    <p
      class="c-fIXJvv c-fIXJvv-gvmVBy-size-md c-fIXJvv-ijBQtuh-css"
    >
      <a
        class="c-kgcOue c-kgcOue-gvmVBy-size-md"
        href="http://dev.nodeca.com"
      >
        link text
      </a>
    </p>
    <p
      class="c-fIXJvv c-fIXJvv-gvmVBy-size-md c-fIXJvv-ijBQtuh-css"
    >
      <a
        class="c-kgcOue c-kgcOue-gvmVBy-size-md"
        href="http://nodeca.github.io/pica/demo/"
        title="title text!"
      >
        link with title
      </a>
    </p>
    <hr
      class="c-jpqjUq c-jpqjUq-jokUAR-orientation-horizontal c-jpqjUq-icGzAje-css"
    />
    <h2
      class="c-iSnHBU c-iSnHBU-bSbzjX-size-lg c-iSnHBU-ifCXdlF-css"
    >
      Images
    </h2>
    <hr
      class="c-jpqjUq c-jpqjUq-jokUAR-orientation-horizontal c-jpqjUq-icGzAje-css"
    />
    <p
      class="c-fIXJvv c-fIXJvv-gvmVBy-size-md c-fIXJvv-ijBQtuh-css"
    >
      <img
        alt="Minion"
        class="c-eWgOGC"
        src="https://octodex.github.com/images/minion.png"
      />
      

      <img
        alt="Stormtroopocat"
        class="c-eWgOGC"
        src="https://octodex.github.com/images/stormtroopocat.jpg"
      />
      "
    </p>
  </div>
</div>
`;
