// Jest Snapshot v1, https://goo.gl/fbAQLP

exports[`MarkdownContent component renders 1`] = `
@media  {
  .c-dcjLby > .c-iSnHBU {
    max-width: 65ch;
  }

  .c-dcjLby > .c-iSnHBU:not(:first-child) {
    margin-top: var(--space-5);
  }

  .c-dcjLby > .c-iSnHBU:not(:last-child) {
    margin-bottom: var(--space-5);
  }

  .c-dcjLby > .c-fIXJvv {
    max-width: 75ch;
  }

  .c-dcjLby > .c-fIXJvv:not(:last-child) {
    margin-bottom: var(--space-5);
  }

  .c-dcjLby > .c-iQukjL {
    max-width: 75ch;
  }

  .c-dcjLby > .c-iQukjL:not(:last-child) {
    margin-bottom: var(--space-5);
  }

  .c-dcjLby > .c-jpqjUq {
    margin-top: var(--space-5);
    margin-bottom: var(--space-5);
  }

  .c-dcjLby > .c-eWgOGC {
    display: block;
  }

  .c-dcjLby > .c-eWgOGC:not(:first-child) {
    margin-top: var(--space-6);
  }

  .c-dcjLby > .c-eWgOGC:not(:last-child) {
    margin-bottom: var(--space-6);
  }

  .c-jpqjUq {
    border: 0;
    background: var(--colors-tonal200);
  }

  .c-iSnHBU {
    color: var(--colors-tonal600);
    font-family: var(--fonts-display);
    font-weight: 700;
    margin: 0;
  }

  .c-fIXJvv {
    color: var(--colors-tonal600);
    font-family: var(--fonts-body);
    font-weight: 400;
    margin: 0;
  }

  .c-fIXJvv > .c-fIXJvv:before,
  .c-fIXJvv > .c-fIXJvv:after {
    display: none;
  }

  .c-ecBjWS {
    font-weight: 600;
  }

  .c-bYNGXt {
    font-style: italic;
  }

  .c-iQukjL {
    font-family: var(--fonts-body);
    margin: unset;
    padding: unset;
  }

  .c-iQukjL > .c-PJLV:not(:last-child) {
    margin-bottom: var(--space-2);
  }

  .c-iQukjL > .c-PJLV:last-child {
    margin-bottom: 0;
  }

  .c-bUqGCm {
    background: var(--colors-tonal100);
    border-radius: var(--radii-0);
    color: var(--colors-tonal600);
    display: inline-block;
    font-family: var(--fonts-mono);
    font-size: 85%;
    padding: var(--space-0) var(--space-1);
  }

  .c-lopCzs {
    background: var(--colors-tonal100);
    border-radius: var(--radii-1);
    color: var(--colors-tonal600);
    font-family: var(--fonts-mono);
    font-size: var(--fontSizes-sm);
    line-height: 1.4;
    margin-top: var(--space-4);
    margin-bottom: var(--space-4);
    padding: var(--space-3);
  }

  .c-kgcOue {
    background: unset;
    border: unset;
    padding: unset;
    color: var(--colors-primary);
    cursor: pointer;
    font-family: var(--fonts-body);
    text-decoration: none;
  }

  .c-kgcOue:focus,
  .c-kgcOue:hover {
    color: var(--colors-primaryMid);
    text-decoration: underline;
  }

  .c-kgcOue:active {
    color: var(--colors-primaryDark);
  }

  .c-fIXJvv > .c-kgcOue,
  .c-iSnHBU > .c-kgcOue,
  .c-PJLV > .c-kgcOue {
    font-size: 100%;
    line-height: 1;
  }

  .c-fIXJvv > .c-kgcOue::before,
  .c-fIXJvv > .c-kgcOue::after,
  .c-iSnHBU > .c-kgcOue::before,
  .c-iSnHBU > .c-kgcOue::after,
  .c-PJLV > .c-kgcOue::before,
  .c-PJLV > .c-kgcOue::after {
    content: none;
  }

  .c-eWgOGC {
    vertical-align: middle;
    max-width: 100%;
  }

  .c-eWgOGC[width] {
    width: auto;
  }

  .c-eWgOGC[width][height] {
    height: auto;
  }

  .c-eWgOGC[src$=".svg"] {
    width: 100%;
    height: auto;
    max-width: none;
  }
}

@media  {
  .c-jpqjUq-jokUAR-orientation-horizontal {
    height: 1px;
    width: 100%;
  }

  .c-iSnHBU-bSbzjX-size-lg {
    font-size: var(--fontSizes-2xl);
    line-height: 1.08;
  }

  .c-iSnHBU-bSbzjX-size-lg::before {
    content: '';
    margin-bottom: -0.1865em;
    display: table;
  }

  .c-iSnHBU-bSbzjX-size-lg::after {
    content: '';
    margin-top: -0.1945em;
    display: table;
  }

  .c-iSnHBU-kYeJd-size-xl {
    font-size: var(--fontSizes-3xl);
    line-height: 1.12;
  }

  .c-iSnHBU-kYeJd-size-xl::before {
    content: '';
    margin-bottom: -0.206em;
    display: table;
  }

  .c-iSnHBU-kYeJd-size-xl::after {
    content: '';
    margin-top: -0.214em;
    display: table;
  }

  .c-iSnHBU-fOoUdm-size-md {
    font-size: var(--fontSizes-xl);
    line-height: 1.14;
  }

  .c-iSnHBU-fOoUdm-size-md::before {
    content: '';
    margin-bottom: -0.2174em;
    display: table;
  }

  .c-iSnHBU-fOoUdm-size-md::after {
    content: '';
    margin-top: -0.2254em;
    display: table;
  }

  .c-iSnHBU-dtbHih-size-sm {
    font-size: var(--fontSizes-lg);
    line-height: 1.14;
  }

  .c-iSnHBU-dtbHih-size-sm::before {
    content: '';
    margin-bottom: -0.2174em;
    display: table;
  }

  .c-iSnHBU-dtbHih-size-sm::after {
    content: '';
    margin-top: -0.2254em;
    display: table;
  }

  .c-iSnHBU-llheLm-size-xs {
    font-family: var(--fonts-body);
    font-weight: 600;
    font-size: var(--fontSizes-md);
    line-height: 1.5;
  }

  .c-iSnHBU-llheLm-size-xs::before {
    content: '';
    margin-bottom: -0.3864em;
    display: table;
  }

  .c-iSnHBU-llheLm-size-xs::after {
    content: '';
    margin-top: -0.3864em;
    display: table;
  }

  .c-fIXJvv-gvmVBy-size-md {
    font-size: var(--fontSizes-md);
    line-height: 1.5;
  }

  .c-fIXJvv-gvmVBy-size-md::before {
    content: '';
    margin-bottom: -0.3864em;
    display: table;
  }

  .c-fIXJvv-gvmVBy-size-md::after {
    content: '';
    margin-top: -0.3864em;
    display: table;
  }

  .c-iQukjL-bfiEAN-size-md {
    font-size: var(--fontSizes-md);
    line-height: 1.5;
  }

  .c-iQukjL-DlQlZ-as-ul {
    padding-left: var(--space-3);
  }

  .c-iQukjL-DlQlZ-as-ul > .c-PJLV {
    padding-left: var(--space-2);
  }

  .c-iQukjL-DlQlZ-as-ul > .c-PJLV::marker {
    content: "•";
    font-weight: bold;
  }

  .c-iQukjL-jrjcGe-as-ol {
    padding-left: var(--space-4);
    list-style: decimal;
  }

  .c-iQukjL-jrjcGe-as-ol > .c-PJLV {
    padding-left: var(--space-1);
  }

  .c-iQukjL-jrjcGe-as-ol > .c-PJLV::marker {
    font-size: var(--fontSizes-sm);
    font-weight: bold;
  }

  .c-kgcOue-gvmVBy-size-md {
    font-size: var(--fontSizes-md);
    line-height: 1.5;
  }

  .c-kgcOue-gvmVBy-size-md::before {
    content: '';
    margin-bottom: -0.3864em;
    display: table;
  }

  .c-kgcOue-gvmVBy-size-md::after {
    content: '';
    margin-top: -0.3864em;
    display: table;
  }
}

@media  {
  .c-jpqjUq-ifGHEql-css {
    width: 100%;
  }

  .c-iSnHBU-ibHwuwj-css {
    color: inherit;
  }

  .c-fIXJvv-ibHwuwj-css {
    color: inherit;
  }

  .c-iQukjL-igZTZYS-css p:before,
  .c-iQukjL-igZTZYS-css p:after {
    display: none;
  }
}

<div>
  <div
    class="c-dcjLby"
  >
    <hr
      class="c-jpqjUq c-jpqjUq-jokUAR-orientation-horizontal c-jpqjUq-ifGHEql-css"
    />
    <h2
      class="c-iSnHBU c-iSnHBU-bSbzjX-size-lg c-iSnHBU-ibHwuwj-css"
    >
      Headings
    </h2>
    <hr
      class="c-jpqjUq c-jpqjUq-jokUAR-orientation-horizontal c-jpqjUq-ifGHEql-css"
    />
    <h1
      class="c-iSnHBU c-iSnHBU-kYeJd-size-xl c-iSnHBU-ibHwuwj-css"
    >
      h1 Heading
    </h1>
    <h2
      class="c-iSnHBU c-iSnHBU-bSbzjX-size-lg c-iSnHBU-ibHwuwj-css"
    >
      h2 Heading
    </h2>
    <h3
      class="c-iSnHBU c-iSnHBU-fOoUdm-size-md c-iSnHBU-ibHwuwj-css"
    >
      h3 Heading
    </h3>
    <h4
      class="c-iSnHBU c-iSnHBU-dtbHih-size-sm c-iSnHBU-ibHwuwj-css"
    >
      h4 Heading
    </h4>
    <h5
      class="c-iSnHBU c-iSnHBU-llheLm-size-xs c-iSnHBU-ibHwuwj-css"
    >
      h5 Heading
    </h5>
    <h6
      class="c-iSnHBU c-iSnHBU-llheLm-size-xs c-iSnHBU-ibHwuwj-css"
    >
      h6 Heading
    </h6>
    <hr
      class="c-jpqjUq c-jpqjUq-jokUAR-orientation-horizontal c-jpqjUq-ifGHEql-css"
    />
    <h2
      class="c-iSnHBU c-iSnHBU-bSbzjX-size-lg c-iSnHBU-ibHwuwj-css"
    >
      Emphasis
    </h2>
    <hr
      class="c-jpqjUq c-jpqjUq-jokUAR-orientation-horizontal c-jpqjUq-ifGHEql-css"
    />
    <p
      class="c-fIXJvv c-fIXJvv-gvmVBy-size-md c-fIXJvv-ibHwuwj-css"
    >
      <strong
        class="c-ecBjWS"
      >
        This is bold text
      </strong>
    </p>
    <p
      class="c-fIXJvv c-fIXJvv-gvmVBy-size-md c-fIXJvv-ibHwuwj-css"
    >
      <strong
        class="c-ecBjWS"
      >
        This is bold text
      </strong>
    </p>
    <p
      class="c-fIXJvv c-fIXJvv-gvmVBy-size-md c-fIXJvv-ibHwuwj-css"
    >
      <em
        class="c-bYNGXt"
      >
        This is italic text
      </em>
    </p>
    <p
      class="c-fIXJvv c-fIXJvv-gvmVBy-size-md c-fIXJvv-ibHwuwj-css"
    >
      <em
        class="c-bYNGXt"
      >
        This is italic text
      </em>
    </p>
    <hr
      class="c-jpqjUq c-jpqjUq-jokUAR-orientation-horizontal c-jpqjUq-ifGHEql-css"
    />
    <h2
      class="c-iSnHBU c-iSnHBU-bSbzjX-size-lg c-iSnHBU-ibHwuwj-css"
    >
      Blockquotes
    </h2>
    <hr
      class="c-jpqjUq c-jpqjUq-jokUAR-orientation-horizontal c-jpqjUq-ifGHEql-css"
    />
    <hr
      class="c-jpqjUq c-jpqjUq-jokUAR-orientation-horizontal c-jpqjUq-ifGHEql-css"
    />
    <h2
      class="c-iSnHBU c-iSnHBU-bSbzjX-size-lg c-iSnHBU-ibHwuwj-css"
    >
      Lists
    </h2>
    <hr
      class="c-jpqjUq c-jpqjUq-jokUAR-orientation-horizontal c-jpqjUq-ifGHEql-css"
    />
    <h3
      class="c-iSnHBU c-iSnHBU-fOoUdm-size-md c-iSnHBU-ibHwuwj-css"
    >
      Unordered
    </h3>
    <ul
      class="c-iQukjL c-iQukjL-bfiEAN-size-md c-iQukjL-DlQlZ-as-ul c-iQukjL-igZTZYS-css"
    >
      <li
        class="c-PJLV"
      >
        <p
          class="c-fIXJvv c-fIXJvv-gvmVBy-size-md c-fIXJvv-ibHwuwj-css"
        >
          Create a list by starting a line with 
          <code
            class="c-PJLV c-bUqGCm"
          >
            +
          </code>
          , 
          <code
            class="c-PJLV c-bUqGCm"
          >
            -
          </code>
          , or 
          <code
            class="c-PJLV c-bUqGCm"
          >
            *
          </code>
        </p>
      </li>
      <li
        class="c-PJLV"
      >
        <p
          class="c-fIXJvv c-fIXJvv-gvmVBy-size-md c-fIXJvv-ibHwuwj-css"
        >
          Sub-lists are made by indenting 2 spaces:
        </p>
        <ul
          class="c-iQukjL c-iQukjL-bfiEAN-size-md c-iQukjL-DlQlZ-as-ul c-iQukjL-igZTZYS-css"
        >
          <li
            class="c-PJLV"
          >
            <p
              class="c-fIXJvv c-fIXJvv-gvmVBy-size-md c-fIXJvv-ibHwuwj-css"
            >
              Marker character change forces new list start:
            </p>
            <ul
              class="c-iQukjL c-iQukjL-bfiEAN-size-md c-iQukjL-DlQlZ-as-ul c-iQukjL-igZTZYS-css"
            >
              <li
                class="c-PJLV"
              >
                <p
                  class="c-fIXJvv c-fIXJvv-gvmVBy-size-md c-fIXJvv-ibHwuwj-css"
                >
                  Ac tristique libero volutpat at
                </p>
              </li>
            </ul>
            <ul
              class="c-iQukjL c-iQukjL-bfiEAN-size-md c-iQukjL-DlQlZ-as-ul c-iQukjL-igZTZYS-css"
            >
              <li
                class="c-PJLV"
              >
                <p
                  class="c-fIXJvv c-fIXJvv-gvmVBy-size-md c-fIXJvv-ibHwuwj-css"
                >
                  Facilisis in pretium nisl aliquet
                </p>
              </li>
            </ul>
            <ul
              class="c-iQukjL c-iQukjL-bfiEAN-size-md c-iQukjL-DlQlZ-as-ul c-iQukjL-igZTZYS-css"
            >
              <li
                class="c-PJLV"
              >
                <p
                  class="c-fIXJvv c-fIXJvv-gvmVBy-size-md c-fIXJvv-ibHwuwj-css"
                >
                  Nulla volutpat aliquam velit
                </p>
              </li>
            </ul>
          </li>
        </ul>
      </li>
      <li
        class="c-PJLV"
      >
        <p
          class="c-fIXJvv c-fIXJvv-gvmVBy-size-md c-fIXJvv-ibHwuwj-css"
        >
          Very easy!
        </p>
      </li>
    </ul>
    <h3
      class="c-iSnHBU c-iSnHBU-fOoUdm-size-md c-iSnHBU-ibHwuwj-css"
    >
      Ordered
    </h3>
    <ol
      class="c-iQukjL c-iQukjL-bfiEAN-size-md c-iQukjL-jrjcGe-as-ol c-iQukjL-igZTZYS-css"
    >
      <li
        class="c-PJLV"
      >
        <p
          class="c-fIXJvv c-fIXJvv-gvmVBy-size-md c-fIXJvv-ibHwuwj-css"
        >
          Lorem ipsum dolor sit amet
        </p>
      </li>
      <li
        class="c-PJLV"
      >
        <p
          class="c-fIXJvv c-fIXJvv-gvmVBy-size-md c-fIXJvv-ibHwuwj-css"
        >
          Consectetur adipiscing elit
        </p>
      </li>
      <li
        class="c-PJLV"
      >
        <p
          class="c-fIXJvv c-fIXJvv-gvmVBy-size-md c-fIXJvv-ibHwuwj-css"
        >
          Integer molestie lorem at massa
        </p>
      </li>
      <li
        class="c-PJLV"
      >
        <p
          class="c-fIXJvv c-fIXJvv-gvmVBy-size-md c-fIXJvv-ibHwuwj-css"
        >
          You can use sequential numbers...
        </p>
      </li>
      <li
        class="c-PJLV"
      >
        <p
          class="c-fIXJvv c-fIXJvv-gvmVBy-size-md c-fIXJvv-ibHwuwj-css"
        >
          ...or keep all the numbers as 
          <code
            class="c-PJLV c-bUqGCm"
          >
            1.
          </code>
        </p>
      </li>
    </ol>
    <hr
      class="c-jpqjUq c-jpqjUq-jokUAR-orientation-horizontal c-jpqjUq-ifGHEql-css"
    />
    <h2
      class="c-iSnHBU c-iSnHBU-bSbzjX-size-lg c-iSnHBU-ibHwuwj-css"
    >
      Code
    </h2>
    <hr
      class="c-jpqjUq c-jpqjUq-jokUAR-orientation-horizontal c-jpqjUq-ifGHEql-css"
    />
    <h3
      class="c-iSnHBU c-iSnHBU-fOoUdm-size-md c-iSnHBU-ibHwuwj-css"
    >
      Inline code
    </h3>
    <p
      class="c-fIXJvv c-fIXJvv-gvmVBy-size-md c-fIXJvv-ibHwuwj-css"
    >
      This is inline 
      <code
        class="c-PJLV c-bUqGCm"
      >
        code
      </code>
    </p>
    <h3
      class="c-iSnHBU c-iSnHBU-fOoUdm-size-md c-iSnHBU-ibHwuwj-css"
    >
      Indented code
    </h3>
    <pre
      class="c-PJLV c-lopCzs"
    >
      // Some comments
line 1 of code
line 2 of code
line 3 of code
    </pre>
    <h3
      class="c-iSnHBU c-iSnHBU-fOoUdm-size-md c-iSnHBU-ibHwuwj-css"
    >
      Block code "fences"
    </h3>
    <pre
      class="c-PJLV c-lopCzs"
    >
      Sample text here...
    </pre>
    <hr
      class="c-jpqjUq c-jpqjUq-jokUAR-orientation-horizontal c-jpqjUq-ifGHEql-css"
    />
    <h2
      class="c-iSnHBU c-iSnHBU-bSbzjX-size-lg c-iSnHBU-ibHwuwj-css"
    >
      Links
    </h2>
    <hr
      class="c-jpqjUq c-jpqjUq-jokUAR-orientation-horizontal c-jpqjUq-ifGHEql-css"
    />
    <p
      class="c-fIXJvv c-fIXJvv-gvmVBy-size-md c-fIXJvv-ibHwuwj-css"
    >
      <a
        class="c-kgcOue c-kgcOue-gvmVBy-size-md"
        href="http://dev.nodeca.com"
      >
        link text
      </a>
    </p>
    <p
      class="c-fIXJvv c-fIXJvv-gvmVBy-size-md c-fIXJvv-ibHwuwj-css"
    >
      <a
        class="c-kgcOue c-kgcOue-gvmVBy-size-md"
        href="http://nodeca.github.io/pica/demo/"
        title="title text!"
      >
        link with title
      </a>
    </p>
    <hr
      class="c-jpqjUq c-jpqjUq-jokUAR-orientation-horizontal c-jpqjUq-ifGHEql-css"
    />
    <h2
      class="c-iSnHBU c-iSnHBU-bSbzjX-size-lg c-iSnHBU-ibHwuwj-css"
    >
      Images
    </h2>
    <hr
      class="c-jpqjUq c-jpqjUq-jokUAR-orientation-horizontal c-jpqjUq-ifGHEql-css"
    />
    <p
      class="c-fIXJvv c-fIXJvv-gvmVBy-size-md c-fIXJvv-ibHwuwj-css"
    >
      <img
        alt="Minion"
        class="c-eWgOGC"
        src="https://octodex.github.com/images/minion.png"
      />
      

      <img
        alt="Stormtroopocat"
        class="c-eWgOGC"
        src="https://octodex.github.com/images/stormtroopocat.jpg"
      />
      "
    </p>
  </div>
</div>
`;
