// Jest Snapshot v1, https://goo.gl/fbAQLP

exports[`Label component renders a label 1`] = `
.sx5eeij {
  color: var(--sx-colors-tonal800);
  display: block;
  font-family: var(--sx-fonts-body);
  font-weight: 600;
  margin: 0;
}

.sx5eeij8bitc--size-md {
  font-size: var(--sx-fontSizes-md);
  line-height: 1.5;
}

.sx5eeij8bitc--size-md::before {
  content: '';
  margin-bottom: -0.3864em;
  display: table;
}

.sx5eeij8bitc--size-md::after {
  content: '';
  margin-top: -0.3864em;
  display: table;
}

<div>
  <label
    class="sx5eeij sx5eeij8bitc--size-md"
  >
    TEXT
  </label>
</div>
`;
