// Vitest Snapshot v1

exports[`SelectField component > renders 1`] = `
<div>
  <form
    aria-label="form"
    class="c-PJLV"
  >
    <div
      class="c-PJLV"
    >
      <div
        class="c-dhzjXW c-dhzjXW-iwHglP-css"
      >
        <label
          class="c-cVSpVL c-cVSpVL-gvmVBy-size-md c-cVSpVL-grKRUr-type-block"
          for="example"
        >
          Example options
        </label>
      </div>
      <select
        class="c-beXZpM c-beXZpM-ggkvuX-size-md"
        id="example"
        name="example"
      >
        <option
          value="1"
        >
          Option 1
        </option>
        <option
          value="2"
        >
          Option 2
        </option>
      </select>
    </div>
  </form>
</div>
`;
