// Jest Snapshot v1, https://goo.gl/fbAQLP

exports[`Loader component renders a loader 1`] = `
@keyframes sxwho2l {
  0% {
    opacity: 0;
  }

  30% {
    opacity: 1;
  }

  50% {
    opacity: 1;
  }

  80% {
    opacity: 0;
  }

  100% {
    opacity: 0;
  }
}

.sx2cs53 {
  display: flex;
}

.sx2cs53-23as4 {
  justify-content: center;
}

.sx4m3y2 {
  animation-name: sxwho2l;
  animation-duration: 1s;
  animation-fill-mode: both;
  animation-iteration-count: infinite;
  animation-timing-function: linear;
  background-color: currentColor;
  border-radius: 100%;
}

.sx4m3y2:nth-child(1) {
  animation-delay: -300ms;
}

.sx4m3y2:nth-child(2) {
  animation-delay: -150ms;
}

.sx4m3y2:nth-child(3) {
  animation-delay: 0;
}

.sx4m3y24btw3--size-md {
  height: 6px;
  width: 6px;
  margin-left: 2px;
  margin-right: 2px;
}

<div>
  <div
    class="sx2cs53 sx2cs53-23as4"
    role="alert"
  >
    <span
      style="position: absolute; border: 0px; width: 1px; height: 1px; padding: 0px; margin: -1px; overflow: hidden; clip: rect(0px, 0px, 0px, 0px); white-space: nowrap; word-wrap: normal;"
    >
      Content is loading
    </span>
    <div
      class="sx4m3y2 sx4m3y24btw3--size-md"
    />
    <div
      class="sx4m3y2 sx4m3y24btw3--size-md"
    />
    <div
      class="sx4m3y2 sx4m3y24btw3--size-md"
    />
  </div>
</div>
`;
