// Jest Snapshot v1, https://goo.gl/fbAQLP

exports[`Password component renders a password field 1`] = `
.sx03kze-fias9 {
  margin: auto;
  height: 100px;
  width: 100px;
  position: relative;
}

.sx03kze-2v396 {
  position: relative;
}

.sxakl60 {
  display: inline-block;
  fill: none;
  stroke: currentcolor;
  stroke-linecap: round;
  stroke-linejoin: round;
  vertical-align: middle;
}

.sxakl60zozsa--size-md {
  height: var(--sx-sizes-2);
  width: var(--sx-sizes-2);
  stroke-width: 2;
}

.sxakl60-7bxbw {
  height: 20px;
  width: 20px;
}

.sx2cs53 {
  display: flex;
}

.sx2cs53-qom1k {
  justify-content: space-between;
  align-items: center;
  margin-bottom: var(--sx-space-3);
}

.sxbagj1 {
  color: var(--sx-colors-tonal500);
  display: block;
  font-family: var(--sx-fonts-body);
  font-weight: 600;
  margin: 0;
}

.sxbagj18bitc--size-md {
  font-size: var(--sx-fontSizes-md);
  line-height: 1.5;
}

.sxbagj18bitc--size-md::before {
  content: '';
  margin-bottom: -0.3864em;
  display: table;
}

.sxbagj18bitc--size-md::after {
  content: '';
  margin-top: -0.3864em;
  display: table;
}

.sx5tsqk {
  align-items: center;
  -webkit-appearance: none;
  appearance: none;
  background: white;
  border: unset;
  border-radius: var(--sx-radii-0);
  box-sizing: border-box;
  cursor: pointer;
  display: flex;
  justify-content: center;
  padding: unset;
  transition: all 125ms ease-out;
}

.sx5tsqk[disabled],
.sx5tsqk[disabled]:hover,
.sx5tsqk[disabled]:focus {
  background: var(--sx-colors-tonal50);
  color: var(--sx-colors-tonal300);
  border-color: var(--sx-colors-tonal50);
  cursor: not-allowed;
}

.sx5tsqk2gdaw--size-lg {
  height: var(--sx-sizes-4);
  width: var(--sx-sizes-4);
}

.sx5tsqkf4d9s--c2 {
  background: transparent;
  color: var(--sx-colors-tonal300);
}

.sx5tsqkf4d9s--c2:hover,
.sx5tsqkf4d9s--c2:focus {
  color: var(--sx-colors-primaryMid);
}

.sx5tsqkf4d9s--c2:active {
  color: var(--sx-colors-primaryDark);
}

.sx5tsqk-014be {
  bottom: 0;
  position: absolute;
  right: 0;
}

.sxtvycl {
  -webkit-appearance: none;
  appearance: none;
  border: 1px solid var(--sx-colors-tonal400);
  border-radius: var(--sx-radii-0);
  box-shadow: none;
  box-sizing: border-box;
  color: var(--sx-colors-tonal500);
  cursor: text;
  display: block;
  font-family: var(--sx-fonts-body);
  padding-left: var(--sx-space-3);
  padding-right: var(--sx-space-3);
  transition: all 100ms ease-out;
  width: 100%;
}

.sxtvycl:focus {
  border-color: var(--sx-colors-primary);
  outline: none;
}

.sxtvycl[disabled] {
  background-color: var(--sx-colors-tonal50);
  border-color: var(--sx-colors-tonal300);
  color: var(--sx-colors-tonal300);
  cursor: not-allowed;
}

.sxtvycl::placeholder {
  color: var(--sx-colors-tonal200);
  opacity: 1;
}

.sxtvyclpw03g--size-md {
  height: var(--sx-sizes-4);
  font-size: var(--sx-fontSizes-md);
}

.sxtvycl-m8e5u {
  padding-right: var(--sx-sizes-2);
}

<div>
  <form
    aria-label="form"
    class="sx03kze"
  >
    <div
      class="sx03kze sx03kze-fias9"
    >
      <div
        class="sx2cs53 sx2cs53-qom1k"
      >
        <label
          class="sxbagj1 sxbagj18bitc--size-md"
          for="password"
        >
          Password
        </label>
      </div>
      <div
        class="sx03kze sx03kze-2v396"
      >
        <input
          autocomplete="current-password"
          class="sxtvycl sxtvyclpw03g--size-md sxtvycl-m8e5u"
          id="password"
          name="password"
          type="password"
        />
        <button
          aria-label="Show password"
          class="sx5tsqk sx5tsqk03kze--theme-neutral sx5tsqk03kze--appearance-simple sx5tsqk2gdaw--size-lg sx5tsqkf4d9s--c2 sx5tsqk-014be"
          type="button"
        >
          <svg
            aria-hidden="true"
            class="sxakl60 sxakl60zozsa--size-md sxakl60-7bxbw"
            viewBox="0 0 24 24"
            xmlns="http://www.w3.org/2000/svg"
          >
            <path
              d="M22 12s-3 6-10 6-10-6-10-6 3-6 10-6 10 6 10 6z"
            />
            <circle
              cx="12"
              cy="12"
              r="3"
            />
            <path
              d="M3 21L20 4"
            />
          </svg>
        </button>
      </div>
    </div>
  </form>
</div>
`;
