// Jest Snapshot v1, https://goo.gl/fbAQLP

exports[`Flex component renders 1`] = `
@media  {
  .c-dhzjXW {
    display: flex;
  }
}

@media  {
  .c-dhzjXW-bICGYT-justify-center {
    justify-content: center;
  }

  .c-dhzjXW-jroWjL-align-center {
    align-items: center;
  }
}

<div>
  <div
    class="c-dhzjXW c-dhzjXW-bICGYT-justify-center c-dhzjXW-jroWjL-align-center"
  >
    Flex
  </div>
</div>
`;
