// Vitest Snapshot v1

exports[`Loader component > renders a loader 1`] = `
<div>
  <div
    class="c-dhzjXW c-dhzjXW-ibICGYT-css"
    role="alert"
  >
    <span
      style="position: absolute; border: 0px; width: 1px; height: 1px; padding: 0px; margin: -1px; overflow: hidden; clip: rect(0px, 0px, 0px, 0px); white-space: nowrap; word-wrap: normal;"
    >
      Content is loading
    </span>
    <div
      class="c-jBOHFZ c-jBOHFZ-jIYkAt-size-md"
    />
    <div
      class="c-jBOHFZ c-jBOHFZ-jIYkAt-size-md"
    />
    <div
      class="c-jBOHFZ c-jBOHFZ-jIYkAt-size-md"
    />
  </div>
</div>
`;
