// Jest Snapshot v1, https://goo.gl/fbAQLP

exports[`Text component renders some text 1`] = `
@media  {
  .c-jwkyIg {
    color: var(--colors-tonal800);
    font-family: var(--fonts-body);
    font-weight: 400;
    margin: 0;
  }
}

@media  {
  .c-jwkyIg-gvmVBy-size-md {
    font-size: var(--fontSizes-md);
    line-height: 1.5;
  }

  .c-jwkyIg-gvmVBy-size-md::before {
    content: '';
    margin-bottom: -0.3864em;
    display: table;
  }

  .c-jwkyIg-gvmVBy-size-md::after {
    content: '';
    margin-top: -0.3864em;
    display: table;
  }
}

<div>
  <p
    class="c-jwkyIg c-jwkyIg-gvmVBy-size-md"
  >
    TEXT
  </p>
</div>
`;
