// Jest Snapshot v1, https://goo.gl/fbAQLP

exports[`Stack component renders 1`] = `
.sxuzseo {
  display: flex;
  flex-wrap: wrap;
}

.sxuzseo > * {
  margin: 0;
}

.sxuzseo8p3zg--direction-row {
  flex-direction: row;
  align-items: center;
}

.sxuzseosxrde--gap-2 {
  margin-top: calc(var(--sx-space-2)*-1);
  margin-left: calc(var(--sx-space-2)*-1);
}

.sxuzseosxrde--gap-2 > * {
  margin-top: var(--sx-space-2);
  margin-left: var(--sx-space-2);
}

<div>
  <div
    class="sxuzseo sxuzseo8p3zg--direction-row sxuzseosxrde--gap-2"
  />
</div>
`;
