// Jest Snapshot v1, https://goo.gl/fbAQLP

exports[`List component renders a list 1`] = `
.sxdvs0i {
  font-family: var(--fonts-sans);
  padding-left: var(--space-3);
}

.sxdvs0i .sx03kze {
  margin-bottom: var(--space-2);
}

.sxdvs0i .sx03kze {
  padding-left: var(--space-2);
}

.sxdvs0i .sx03kze::marker {
  content: "•";
  font-weight: bold;
}

.sxdvs0ik6wac--theme-tonal .sx03kze::marker {
  color: var(--colors-tonal900);
}

.sxdvs0ijqqvr--size-md {
  font-size: var(--fontSizes-md);
  line-height: 1.625;
}

.sxdvs0ijqqvr--size-md::before {
  content: '';
  margin-bottom: -0.4489em;
  display: table;
}

.sxdvs0ijqqvr--size-md::after {
  content: '';
  margin-top: -0.4489em;
  display: table;
}

<div>
  <ul
    class="sxdvs0i sxdvs0ik6wac--theme-tonal sxdvs0ijqqvr--size-md"
  >
    <li
      class="sx03kze"
    >
      Item 1
    </li>
    <li
      class="sx03kze"
    >
      Item 2
    </li>
  </ul>
</div>
`;
