// Jest Snapshot v1, https://goo.gl/fbAQLP

exports[`ActionIcon component renders 1`] = `
.sxwh98c {
  display: inline-block;
  fill: none;
  stroke: currentcolor;
  stroke-linecap: round;
  stroke-linejoin: round;
  stroke-width: 2;
  vertical-align: middle;
}

.sxwh98cmbqqh--size-md {
  height: var(--sx-sizes-2);
  width: var(--sx-sizes-2);
}

.sxnqejc {
  -webkit-appearance: none;
  appearance: none;
  border: unset;
  border-radius: var(--sx-radii-0);
  cursor: pointer;
  padding: unset;
  transition: all 125ms ease-out;
}

.sxnqejclo5m8--appearance-subtle {
  background: transparent;
  color: var(--sx-colors-tonal800);
}

.sxnqejclo5m8--appearance-subtle:hover,
.sxnqejclo5m8--appearance-subtle:focus {
  background: var(--sx-colors-alpha150);
}

.sxnqejce6fss--size-md {
  height: var(--sx-sizes-3);
  width: var(--sx-sizes-3);
}

<div>
  <button
    aria-label="Mark as complete"
    class="sxnqejc sxnqejc03kze--theme-primary sxnqejclo5m8--appearance-subtle sxnqejce6fss--size-md"
    type="button"
  >
    <svg />
  </button>
</div>
`;
