// Jest Snapshot v1, https://goo.gl/fbAQLP

exports[`ActionIcon component renders 1`] = `
.sxakl60 {
  display: inline-block;
  fill: none;
  stroke: currentcolor;
  stroke-linecap: round;
  stroke-linejoin: round;
  vertical-align: middle;
}

.sxakl60zozsa--size-md {
  height: var(--sx-sizes-2);
  width: var(--sx-sizes-2);
  stroke-width: 2;
}

.sxakl60-d7dk3 {
  height: 16px;
  width: 16px;
}

.sxua1zw {
  align-items: center;
  -webkit-appearance: none;
  appearance: none;
  background: white;
  border: unset;
  border-radius: var(--sx-radii-0);
  box-sizing: border-box;
  cursor: pointer;
  display: flex;
  justify-content: center;
  padding: unset;
  transition: all 100ms ease-out;
}

.sxua1zwe6fss--size-md {
  height: var(--sx-sizes-3);
  width: var(--sx-sizes-3);
}

.sxua1zw2gexy--c2 {
  background: transparent;
  color: var(--sx-colors-primary);
}

.sxua1zw2gexy--c2:not(:disabled):hover,
.sxua1zw2gexy--c2:not(:disabled):focus {
  color: var(--sx-colors-primaryMid);
}

.sxua1zw2gexy--c2:not(:disabled):active {
  color: var(--sx-colors-primaryDark);
}

.sxua1zw2gexy--c2[disabled] {
  color: var(--sx-colors-tonal400);
  cursor: not-allowed;
}

<div>
  <button
    aria-label="Mark as complete"
    class="sxua1zw sxua1zw03kze--theme-primary sxua1zw03kze--appearance-simple sxua1zwe6fss--size-md sxua1zw2gexy--c2"
    type="button"
  >
    <svg />
  </button>
</div>
`;
