// Vitest Snapshot v1

exports[`FieldWrapper component > renders 1`] = `
<div>
  <div
    class="c-PJLV"
  >
    <div
      class="c-dhzjXW c-dhzjXW-iwHglP-css"
    >
      <label
        class="c-cVSpVL c-cVSpVL-gvmVBy-size-md c-cVSpVL-grKRUr-type-block"
        for="example"
      >
        Example Field
      </label>
      <a
        class="c-kgcOue c-kgcOue-bndJoy-size-sm"
        href="https://example.com"
      >
        Example prompt
      </a>
    </div>
    <input
      class="c-fZTBsJ c-fZTBsJ-pHZal-size-md"
      id="example"
      name="example"
      type="text"
    />
    <div
      class="c-dhzjXW c-dhzjXW-idXOPtz-css"
    >
      <svg
        aria-hidden="true"
        class="c-dbrbZt c-dbrbZt-eAiySG-size-sm c-dbrbZt-ihYlUBO-css"
        viewBox="0 0 24 24"
        xmlns="http://www.w3.org/2000/svg"
      >
        <path
          d="M12 8v5"
        />
        <line
          x1="12"
          x2="12"
          y1="16"
          y2="16"
        />
        <circle
          cx="12"
          cy="12"
          r="10"
        />
      </svg>
      <p
        class="c-fIXJvv c-fIXJvv-bndJoy-size-sm c-fIXJvv-ikkBjHS-css"
      >
        Example error
      </p>
    </div>
  </div>
</div>
`;
