// Jest Snapshot v1, https://goo.gl/fbAQLP

exports[`PasswordInput component renders 1`] = `
.sxwh98c {
  display: inline-block;
  fill: none;
  stroke: currentcolor;
  stroke-linecap: round;
  stroke-linejoin: round;
  stroke-width: 2;
  vertical-align: middle;
}

.sxwh98cmbqqh--size-md {
  height: var(--sx-sizes-2);
  width: var(--sx-sizes-2);
}

.sxnqejc {
  -webkit-appearance: none;
  appearance: none;
  border: unset;
  border-radius: var(--sx-radii-0);
  cursor: pointer;
  padding: unset;
  transition: all 125ms ease-out;
}

.sxnqejc2gdaw--size-lg {
  height: var(--sx-sizes-4);
  width: var(--sx-sizes-4);
}

.sxnqejc2vt6f--c2 {
  background: transparent;
  color: var(--sx-colors-tonal700);
}

.sxnqejc2vt6f--c2:hover,
.sxnqejc2vt6f--c2:focus {
  color: var(--sx-colors-primary);
}

.sxnqejc-014be {
  bottom: 0;
  position: absolute;
  right: 0;
}

.sx03kze-2v396 {
  position: relative;
}

.sxg6i02 {
  -webkit-appearance: none;
  appearance: none;
  border: 1px solid var(--sx-colors-tonal400);
  border-radius: var(--sx-radii-0);
  box-shadow: none;
  box-sizing: border-box;
  color: var(--sx-colors-tonal900);
  cursor: text;
  display: block;
  font-family: var(--sx-fonts-body);
  font-size: var(--sx-fontSizes-md);
  height: var(--sx-sizes-4);
  width: 100%;
  padding: var(--sx-space-3);
  transition: all 100ms ease-out;
}

.sxg6i02:focus {
  border-color: var(--sx-colors-primary);
  outline: none;
}

.sxg6i02[disabled] {
  background-color: var(--sx-colors-tonal300);
  color: var(--sx-colors-tonal700);
  cursor: not-allowed;
}

.sxg6i02-m8e5u {
  padding-right: var(--sx-sizes-2);
}

<div>
  <div
    class="sx03kze sx03kze-2v396"
  >
    <input
      class="sxg6i02 sxg6i02-m8e5u"
      type="password"
    />
    <button
      aria-label="Show password"
      class="sxnqejc sxnqejc03kze--theme-primary sxnqejc03kze--appearance-simple sxnqejc2gdaw--size-lg sxnqejc2vt6f--c2 sxnqejc-014be"
      type="button"
    >
      <svg
        aria-hidden="true"
        class="sxwh98c sxwh98cmbqqh--size-md"
        viewBox="0 0 24 24"
        xmlns="http://www.w3.org/2000/svg"
      >
        <path
          d="M20 9s-.32.667-1 1.514M12 14a8.478 8.478 0 01-4.051-1M12 14a8.478 8.478 0 004.051-1M12 14v3.5M4 9s.354.737 1.106 1.645M7.95 13L5 16m2.949-3c-1.26-.673-2.198-1.577-2.843-2.355M16.051 13l2.449 3m-2.449-3c1.33-.711 2.303-1.68 2.949-2.486m-13.894.13L2 12m17-1.486L22 12"
        />
      </svg>
    </button>
  </div>
</div>
`;
