// Jest Snapshot v1, https://goo.gl/fbAQLP

exports[`Icon component renders an icon 1`] = `
.sx5zewo {
  color: currentcolor;
  display: inline-block;
  vertical-align: middle;
}

.sx5zewo2cbmr--size-sm {
  height: 16px;
  width: 16px;
}

<div>
  <svg
    aria-hidden="true"
    class="sx5zewo sx5zewo2cbmr--size-sm"
    data-file-name="SvgCheck"
    title="check"
    viewBox="0 0 24 24"
  />
</div>
`;
