// Jest Snapshot v1, https://goo.gl/fbAQLP

exports[`RadioCardGroup component renders an RadioCardGroup with RadioCards 1`] = `
@media  {
  .c-gjxWtu {
    display: flex;
    flex-wrap: wrap;
  }

  .c-gjxWtu > * {
    margin: 0;
  }

  .c-cgoenp {
    align-items: center;
    background: white;
    border: 1px solid var(--colors-tonal200);
    border-radius: var(--radii-0);
    cursor: pointer;
    display: flex;
    text-align: left;
  }

  .c-cgoenp[data-state="checked"] {
    outline: 2px solid var(--colors-primary);
    outline-offset: -2px;
  }

  .c-jCXneY {
    align-items: center;
    -webkit-appearance: none;
    appearance: none;
    background-color: transparent;
    border: 1px solid var(--colors-tonal500);
    border-radius: var(--radii-round);
    display: flex;
    flex-shrink: 0;
    justify-content: center;
    padding: 0;
    height: var(--sizes-1);
    width: var(--sizes-1);
    transition: all 50ms ease-out;
  }

  [data-state="checked"] .c-jCXneY {
    background-color: var(--colors-primary);
    border-color: var(--colors-primary);
  }

  .c-iumWEe {
    background-color: white;
    border-radius: var(--radii-round);
    position: absolute;
    height: 6px;
    width: 6px;
  }
}

@media  {
  .c-gjxWtu-cPPfON-direction-row {
    flex-direction: row;
    align-items: center;
  }

  .c-gjxWtu-awKDG-justify-start {
    justify-content: flex-start;
  }

  .c-gjxWtu-dlytZv-gap-3 {
    margin-top: calc(var(--space-3)*-1);
    margin-left: calc(var(--space-3)*-1);
  }

  .c-gjxWtu-dlytZv-gap-3 > * {
    margin-top: var(--space-3);
    margin-left: var(--space-3);
  }

  .c-cgoenp-fJrRuP-size-md {
    padding-left: var(--space-4);
    padding-right: var(--space-4);
    padding-top: var(--space-3);
    padding-bottom: var(--space-3);
  }

  .c-cgoenp-djDtlJ-isFullWidth-false {
    width: max-content;
  }

  .c-jCXneY-llEebI-align-left {
    margin-right: var(--space-4);
  }

  .c-PJLV-YYAoU-align-left {
    order: 1;
  }
}

<div>
  <div
    dir="ltr"
    role="radiogroup"
    style="outline: none;"
    tabindex="0"
  >
    <div
      class="c-gjxWtu c-gjxWtu-cPPfON-direction-row c-gjxWtu-awKDG-justify-start c-gjxWtu-dlytZv-gap-3"
    >
      <button
        aria-checked="false"
        class="c-cgoenp c-cgoenp-fJrRuP-size-md c-cgoenp-djDtlJ-isFullWidth-false"
        data-radix-collection-item=""
        data-state="unchecked"
        role="radio"
        tabindex="-1"
        type="button"
        value="1"
      >
        <div
          class="c-jCXneY c-jCXneY-llEebI-align-left"
        />
        <div
          class="c-PJLV c-PJLV-YYAoU-align-left"
        >
          First item
        </div>
      </button>
      <button
        aria-checked="true"
        class="c-cgoenp c-cgoenp-fJrRuP-size-md c-cgoenp-djDtlJ-isFullWidth-false"
        data-radix-collection-item=""
        data-state="checked"
        role="radio"
        tabindex="-1"
        type="button"
        value="2"
      >
        <div
          class="c-jCXneY c-jCXneY-llEebI-align-left"
        >
          <span
            class="c-iumWEe"
            data-state="checked"
          />
        </div>
        <div
          class="c-PJLV c-PJLV-YYAoU-align-left"
        >
          Second item
        </div>
      </button>
    </div>
  </div>
</div>
`;
