// Jest Snapshot v1, https://goo.gl/fbAQLP

exports[`Heading component renders a heading 1`] = `
.sx53fkz {
  color: var(--sx-colors-tonal900);
  font-family: var(--sx-fonts-display);
  font-weight: 700;
  margin: 0;
}

.sx53fkzq3glm--size-md {
  font-size: var(--sx-fontSizes-xl);
  line-height: 1.14;
}

.sx53fkzq3glm--size-md::before {
  content: '';
  margin-bottom: -0.2174em;
  display: table;
}

.sx53fkzq3glm--size-md::after {
  content: '';
  margin-top: -0.2254em;
  display: table;
}

<div>
  <h2
    class="sx53fkz sx53fkzq3glm--size-md"
  >
    HEADING
  </h2>
</div>
`;
