// Jest Snapshot v1, https://goo.gl/fbAQLP

exports[`MarkdownContent component renders 1`] = `
.sxj1d4e {
  color: var(--sx-colors-tonal800);
  font-family: var(--sx-fonts-body);
  font-weight: 400;
  margin: 0;
}

.sxj1d4e8bitc--size-md {
  font-size: var(--sx-fontSizes-md);
  line-height: 1.5;
}

.sxj1d4e8bitc--size-md::before {
  content: '';
  margin-bottom: -0.3864em;
  display: table;
}

.sxj1d4e8bitc--size-md::after {
  content: '';
  margin-top: -0.3864em;
  display: table;
}

.sxj1d4e-kpzng {
  color: inherit;
  max-width: 75ch;
}

.sxj1d4e-kpzng:not(:last-child) {
  margin-bottom: var(--sx-space-5);
}

.sxj1d4e-2obmh {
  color: inherit;
}

.sx95fm0 {
  border: 0;
  border-top: 1px solid var(--sx-colors-tonal400);
  margin-left: auto;
  margin-right: auto;
  width: 50%;
}

.sx95fm0-76pw2 {
  width: 100%;
  margin-top: var(--sx-space-5);
  margin-bottom: var(--sx-space-5);
}

.sxh1zwe {
  color: var(--sx-colors-tonal800);
  font-family: var(--sx-fonts-display);
  font-weight: 700;
  margin: 0;
}

.sxh1zwe9egxm--size-lg {
  font-size: var(--sx-fontSizes-2xl);
  line-height: 1.08;
}

.sxh1zwe9egxm--size-lg::before {
  content: '';
  margin-bottom: -0.1865em;
  display: table;
}

.sxh1zwe9egxm--size-lg::after {
  content: '';
  margin-top: -0.1945em;
  display: table;
}

.sxh1zwebk74v--size-xl {
  font-size: var(--sx-fontSizes-3xl);
  line-height: 1.12;
}

.sxh1zwebk74v--size-xl::before {
  content: '';
  margin-bottom: -0.206em;
  display: table;
}

.sxh1zwebk74v--size-xl::after {
  content: '';
  margin-top: -0.214em;
  display: table;
}

.sxh1zwe9zj0i--size-md {
  font-size: var(--sx-fontSizes-xl);
  line-height: 1.14;
}

.sxh1zwe9zj0i--size-md::before {
  content: '';
  margin-bottom: -0.2174em;
  display: table;
}

.sxh1zwe9zj0i--size-md::after {
  content: '';
  margin-top: -0.2254em;
  display: table;
}

.sxh1zwegcpf2--size-sm {
  font-size: var(--sx-fontSizes-lg);
  line-height: 1.14;
}

.sxh1zwegcpf2--size-sm::before {
  content: '';
  margin-bottom: -0.2174em;
  display: table;
}

.sxh1zwegcpf2--size-sm::after {
  content: '';
  margin-top: -0.2254em;
  display: table;
}

.sxh1zwelt963--size-xs {
  font-family: var(--sx-fonts-body);
  font-weight: 600;
  font-size: var(--sx-fontSizes-md);
  line-height: 1.5;
}

.sxh1zwelt963--size-xs::before {
  content: '';
  margin-bottom: -0.3864em;
  display: table;
}

.sxh1zwelt963--size-xs::after {
  content: '';
  margin-top: -0.3864em;
  display: table;
}

.sxh1zwe-yo9l7 {
  color: inherit;
  max-width: 65ch;
}

.sxh1zwe-yo9l7:not(:first-child) {
  margin-top: var(--sx-space-5);
}

.sxh1zwe-yo9l7:not(:last-child) {
  margin-bottom: var(--sx-space-5);
}

.sxkoa5n {
  vertical-align: middle;
  max-width: 100%;
}

.sxkoa5n[width] {
  width: auto;
}

.sxkoa5n[width][height] {
  height: auto;
}

.sxkoa5n[src$=".svg"] {
  width: 100%;
  height: auto;
  max-width: none;
}

.sxfcjnm {
  font-family: var(--sx-fonts-body);
  margin: unset;
  padding: unset;
}

.sxfcjnm > .sx03kze:not(:last-child) {
  margin-bottom: var(--sx-space-2);
}

.sxfcjnm > .sx03kze:last-child {
  margin-bottom: 0;
}

.sxfcjnmq7qe9--size-md {
  font-size: var(--sx-fontSizes-md);
  line-height: 1.5;
}

.sxfcjnm4kvou--as-ul {
  padding-left: var(--sx-space-3);
}

.sxfcjnm4kvou--as-ul > .sx03kze {
  padding-left: var(--sx-space-2);
}

.sxfcjnm4kvou--as-ul > .sx03kze::marker {
  content: "•";
  font-weight: bold;
}

.sxfcjnm0fmz6--as-ol {
  padding-left: var(--sx-space-4);
  list-style: decimal;
}

.sxfcjnm0fmz6--as-ol > .sx03kze {
  padding-left: var(--sx-space-1);
}

.sxfcjnm0fmz6--as-ol > .sx03kze::marker {
  font-size: var(--sx-fontSizes-sm);
  font-weight: bold;
}

.sxfcjnm-huhqq p:before,
.sxfcjnm-huhqq p:after {
  display: none;
}

.sxfcjnm-huhqq {
  max-width: 75ch;
}

.sxfcjnm-huhqq:not(:last-child) {
  margin-bottom: var(--sx-space-5);
}

.sxfcjnm-jvdf5 p:before,
.sxfcjnm-jvdf5 p:after {
  display: none;
}

.sxoyulj {
  background: var(--sx-colors-tonal200);
  padding: var(--sx-space-3);
  margin-top: var(--sx-space-4);
  margin-bottom: var(--sx-space-4);
  border-radius: var(--sx-radii-1);
  line-height: 1.4;
  font-family: var(--sx-fonts-mono);
  font-size: var(--sx-fontSizes-sm);
}

.sxiwbex {
  font-style: italic;
}

.sxbc4si {
  background: var(--sx-colors-tonal100);
  border-radius: var(--sx-radii-0);
  display: inline-block;
  font-family: var(--sx-fonts-mono);
  font-size: 85%;
  padding: var(--sx-space-0) var(--sx-space-1);
}

.sxlc3or {
  background: unset;
  border: unset;
  padding: unset;
  color: var(--sx-colors-primary);
  cursor: pointer;
  font-family: var(--sx-fonts-body);
  text-decoration: none;
}

.sxlc3or:focus,
.sxlc3or:hover {
  color: var(--sx-colors-tertiary);
  text-decoration: underline;
}

.sxlc3or:active {
  color: var(--sx-colors-primary);
}

.sxj1d4e > .sxlc3or,
.sxh1zwe > .sxlc3or,
.sx03kze > .sxlc3or {
  font-size: 100%;
  line-height: 1;
}

.sxj1d4e > .sxlc3or::before,
.sxj1d4e > .sxlc3or::after,
.sxh1zwe > .sxlc3or::before,
.sxh1zwe > .sxlc3or::after,
.sx03kze > .sxlc3or::before,
.sx03kze > .sxlc3or::after {
  content: none;
}

.sxlc3or8bitc--size-md {
  font-size: var(--sx-fontSizes-md);
  line-height: 1.5;
}

.sxlc3or8bitc--size-md::before {
  content: '';
  margin-bottom: -0.3864em;
  display: table;
}

.sxlc3or8bitc--size-md::after {
  content: '';
  margin-top: -0.3864em;
  display: table;
}

.sx4d3ki {
  font-weight: 600;
}

<div>
  <div
    class="sx03kze"
  >
    <hr
      class="sx95fm0 sx95fm0-76pw2"
    />
    <h2
      class="sxh1zwe sxh1zwe9egxm--size-lg sxh1zwe-yo9l7"
    >
      Headings
    </h2>
    <hr
      class="sx95fm0 sx95fm0-76pw2"
    />
    <h1
      class="sxh1zwe sxh1zwebk74v--size-xl sxh1zwe-yo9l7"
    >
      h1 Heading
    </h1>
    <h2
      class="sxh1zwe sxh1zwe9egxm--size-lg sxh1zwe-yo9l7"
    >
      h2 Heading
    </h2>
    <h3
      class="sxh1zwe sxh1zwe9zj0i--size-md sxh1zwe-yo9l7"
    >
      h3 Heading
    </h3>
    <h4
      class="sxh1zwe sxh1zwegcpf2--size-sm sxh1zwe-yo9l7"
    >
      h4 Heading
    </h4>
    <h5
      class="sxh1zwe sxh1zwelt963--size-xs sxh1zwe-yo9l7"
    >
      h5 Heading
    </h5>
    <h6
      class="sxh1zwe sxh1zwelt963--size-xs sxh1zwe-yo9l7"
    >
      h6 Heading
    </h6>
    <hr
      class="sx95fm0 sx95fm0-76pw2"
    />
    <h2
      class="sxh1zwe sxh1zwe9egxm--size-lg sxh1zwe-yo9l7"
    >
      Emphasis
    </h2>
    <hr
      class="sx95fm0 sx95fm0-76pw2"
    />
    <p
      class="sxj1d4e sxj1d4e8bitc--size-md sxj1d4e-kpzng"
    >
      <strong
        class="sx4d3ki"
      >
        This is bold text
      </strong>
    </p>
    <p
      class="sxj1d4e sxj1d4e8bitc--size-md sxj1d4e-kpzng"
    >
      <strong
        class="sx4d3ki"
      >
        This is bold text
      </strong>
    </p>
    <p
      class="sxj1d4e sxj1d4e8bitc--size-md sxj1d4e-kpzng"
    >
      <em
        class="sxiwbex"
      >
        This is italic text
      </em>
    </p>
    <p
      class="sxj1d4e sxj1d4e8bitc--size-md sxj1d4e-kpzng"
    >
      <em
        class="sxiwbex"
      >
        This is italic text
      </em>
    </p>
    <hr
      class="sx95fm0 sx95fm0-76pw2"
    />
    <h2
      class="sxh1zwe sxh1zwe9egxm--size-lg sxh1zwe-yo9l7"
    >
      Blockquotes
    </h2>
    <hr
      class="sx95fm0 sx95fm0-76pw2"
    />
    <hr
      class="sx95fm0 sx95fm0-76pw2"
    />
    <h2
      class="sxh1zwe sxh1zwe9egxm--size-lg sxh1zwe-yo9l7"
    >
      Lists
    </h2>
    <hr
      class="sx95fm0 sx95fm0-76pw2"
    />
    <h3
      class="sxh1zwe sxh1zwe9zj0i--size-md sxh1zwe-yo9l7"
    >
      Unordered
    </h3>
    <ul
      class="sxfcjnm sxfcjnmq7qe9--size-md sxfcjnm4kvou--as-ul sxfcjnm-huhqq"
    >
      <li
        class="sx03kze"
      >
        <p
          class="sxj1d4e sxj1d4e8bitc--size-md sxj1d4e-2obmh"
        >
          Create a list by starting a line with 
          <code
            class="sx03kze sxbc4si"
          >
            +
          </code>
          , 
          <code
            class="sx03kze sxbc4si"
          >
            -
          </code>
          , or 
          <code
            class="sx03kze sxbc4si"
          >
            *
          </code>
        </p>
      </li>
      <li
        class="sx03kze"
      >
        <p
          class="sxj1d4e sxj1d4e8bitc--size-md sxj1d4e-2obmh"
        >
          Sub-lists are made by indenting 2 spaces:
        </p>
        <ul
          class="sxfcjnm sxfcjnmq7qe9--size-md sxfcjnm4kvou--as-ul sxfcjnm-jvdf5"
        >
          <li
            class="sx03kze"
          >
            <p
              class="sxj1d4e sxj1d4e8bitc--size-md sxj1d4e-2obmh"
            >
              Marker character change forces new list start:
            </p>
            <ul
              class="sxfcjnm sxfcjnmq7qe9--size-md sxfcjnm4kvou--as-ul sxfcjnm-jvdf5"
            >
              <li
                class="sx03kze"
              >
                <p
                  class="sxj1d4e sxj1d4e8bitc--size-md sxj1d4e-2obmh"
                >
                  Ac tristique libero volutpat at
                </p>
              </li>
            </ul>
            <ul
              class="sxfcjnm sxfcjnmq7qe9--size-md sxfcjnm4kvou--as-ul sxfcjnm-jvdf5"
            >
              <li
                class="sx03kze"
              >
                <p
                  class="sxj1d4e sxj1d4e8bitc--size-md sxj1d4e-2obmh"
                >
                  Facilisis in pretium nisl aliquet
                </p>
              </li>
            </ul>
            <ul
              class="sxfcjnm sxfcjnmq7qe9--size-md sxfcjnm4kvou--as-ul sxfcjnm-jvdf5"
            >
              <li
                class="sx03kze"
              >
                <p
                  class="sxj1d4e sxj1d4e8bitc--size-md sxj1d4e-2obmh"
                >
                  Nulla volutpat aliquam velit
                </p>
              </li>
            </ul>
          </li>
        </ul>
      </li>
      <li
        class="sx03kze"
      >
        <p
          class="sxj1d4e sxj1d4e8bitc--size-md sxj1d4e-2obmh"
        >
          Very easy!
        </p>
      </li>
    </ul>
    <h3
      class="sxh1zwe sxh1zwe9zj0i--size-md sxh1zwe-yo9l7"
    >
      Ordered
    </h3>
    <ol
      class="sxfcjnm sxfcjnmq7qe9--size-md sxfcjnm0fmz6--as-ol sxfcjnm-huhqq"
    >
      <li
        class="sx03kze"
      >
        <p
          class="sxj1d4e sxj1d4e8bitc--size-md sxj1d4e-2obmh"
        >
          Lorem ipsum dolor sit amet
        </p>
      </li>
      <li
        class="sx03kze"
      >
        <p
          class="sxj1d4e sxj1d4e8bitc--size-md sxj1d4e-2obmh"
        >
          Consectetur adipiscing elit
        </p>
      </li>
      <li
        class="sx03kze"
      >
        <p
          class="sxj1d4e sxj1d4e8bitc--size-md sxj1d4e-2obmh"
        >
          Integer molestie lorem at massa
        </p>
      </li>
      <li
        class="sx03kze"
      >
        <p
          class="sxj1d4e sxj1d4e8bitc--size-md sxj1d4e-2obmh"
        >
          You can use sequential numbers...
        </p>
      </li>
      <li
        class="sx03kze"
      >
        <p
          class="sxj1d4e sxj1d4e8bitc--size-md sxj1d4e-2obmh"
        >
          ...or keep all the numbers as 
          <code
            class="sx03kze sxbc4si"
          >
            1.
          </code>
        </p>
      </li>
    </ol>
    <hr
      class="sx95fm0 sx95fm0-76pw2"
    />
    <h2
      class="sxh1zwe sxh1zwe9egxm--size-lg sxh1zwe-yo9l7"
    >
      Code
    </h2>
    <hr
      class="sx95fm0 sx95fm0-76pw2"
    />
    <h3
      class="sxh1zwe sxh1zwe9zj0i--size-md sxh1zwe-yo9l7"
    >
      Inline code
    </h3>
    <p
      class="sxj1d4e sxj1d4e8bitc--size-md sxj1d4e-kpzng"
    >
      This is inline 
      <code
        class="sx03kze sxbc4si"
      >
        code
      </code>
    </p>
    <h3
      class="sxh1zwe sxh1zwe9zj0i--size-md sxh1zwe-yo9l7"
    >
      Indented code
    </h3>
    <pre
      class="sx03kze sxoyulj"
    >
      // Some comments
line 1 of code
line 2 of code
line 3 of code
    </pre>
    <h3
      class="sxh1zwe sxh1zwe9zj0i--size-md sxh1zwe-yo9l7"
    >
      Block code "fences"
    </h3>
    <pre
      class="sx03kze sxoyulj"
    >
      Sample text here...
    </pre>
    <hr
      class="sx95fm0 sx95fm0-76pw2"
    />
    <h2
      class="sxh1zwe sxh1zwe9egxm--size-lg sxh1zwe-yo9l7"
    >
      Links
    </h2>
    <hr
      class="sx95fm0 sx95fm0-76pw2"
    />
    <p
      class="sxj1d4e sxj1d4e8bitc--size-md sxj1d4e-kpzng"
    >
      <a
        class="sxlc3or sxlc3or8bitc--size-md"
        href="http://dev.nodeca.com"
      >
        link text
      </a>
    </p>
    <p
      class="sxj1d4e sxj1d4e8bitc--size-md sxj1d4e-kpzng"
    >
      <a
        class="sxlc3or sxlc3or8bitc--size-md"
        href="http://nodeca.github.io/pica/demo/"
        title="title text!"
      >
        link with title
      </a>
    </p>
    <hr
      class="sx95fm0 sx95fm0-76pw2"
    />
    <h2
      class="sxh1zwe sxh1zwe9egxm--size-lg sxh1zwe-yo9l7"
    >
      Images
    </h2>
    <hr
      class="sx95fm0 sx95fm0-76pw2"
    />
    <p
      class="sxj1d4e sxj1d4e8bitc--size-md sxj1d4e-kpzng"
    >
      <img
        alt="Minion"
        class="sxkoa5n"
        src="https://octodex.github.com/images/minion.png"
      />
      

      <img
        alt="Stormtroopocat"
        class="sxkoa5n"
        src="https://octodex.github.com/images/stormtroopocat.jpg"
      />
      "
    </p>
  </div>
</div>
`;
