// Jest Snapshot v1, https://goo.gl/fbAQLP

exports[`MarkdownContent component renders 1`] = `
.sxyn8hn {
  color: var(--sx-colors-tonal500);
  font-family: var(--sx-fonts-body);
  font-weight: 400;
  margin: 0;
}

.sxyn8hn8bitc--size-md {
  font-size: var(--sx-fontSizes-md);
  line-height: 1.5;
}

.sxyn8hn8bitc--size-md::before {
  content: '';
  margin-bottom: -0.3864em;
  display: table;
}

.sxyn8hn8bitc--size-md::after {
  content: '';
  margin-top: -0.3864em;
  display: table;
}

.sxyn8hn-kpzng {
  color: inherit;
  max-width: 75ch;
}

.sxyn8hn-kpzng:not(:last-child) {
  margin-bottom: var(--sx-space-5);
}

.sxyn8hn-2obmh {
  color: inherit;
}

.sxlgf7o {
  border: 0;
  border-top: 1px solid var(--sx-colors-tonal200);
  margin-left: auto;
  margin-right: auto;
  width: 50%;
}

.sxlgf7o-76pw2 {
  width: 100%;
  margin-top: var(--sx-space-5);
  margin-bottom: var(--sx-space-5);
}

.sxlk8sk {
  color: var(--sx-colors-tonal500);
  font-family: var(--sx-fonts-display);
  font-weight: 700;
  margin: 0;
}

.sxlk8sk9egxm--size-lg {
  font-size: var(--sx-fontSizes-2xl);
  line-height: 1.08;
}

.sxlk8sk9egxm--size-lg::before {
  content: '';
  margin-bottom: -0.1865em;
  display: table;
}

.sxlk8sk9egxm--size-lg::after {
  content: '';
  margin-top: -0.1945em;
  display: table;
}

.sxlk8skbk74v--size-xl {
  font-size: var(--sx-fontSizes-3xl);
  line-height: 1.12;
}

.sxlk8skbk74v--size-xl::before {
  content: '';
  margin-bottom: -0.206em;
  display: table;
}

.sxlk8skbk74v--size-xl::after {
  content: '';
  margin-top: -0.214em;
  display: table;
}

.sxlk8sk9zj0i--size-md {
  font-size: var(--sx-fontSizes-xl);
  line-height: 1.14;
}

.sxlk8sk9zj0i--size-md::before {
  content: '';
  margin-bottom: -0.2174em;
  display: table;
}

.sxlk8sk9zj0i--size-md::after {
  content: '';
  margin-top: -0.2254em;
  display: table;
}

.sxlk8skgcpf2--size-sm {
  font-size: var(--sx-fontSizes-lg);
  line-height: 1.14;
}

.sxlk8skgcpf2--size-sm::before {
  content: '';
  margin-bottom: -0.2174em;
  display: table;
}

.sxlk8skgcpf2--size-sm::after {
  content: '';
  margin-top: -0.2254em;
  display: table;
}

.sxlk8sklt963--size-xs {
  font-family: var(--sx-fonts-body);
  font-weight: 600;
  font-size: var(--sx-fontSizes-md);
  line-height: 1.5;
}

.sxlk8sklt963--size-xs::before {
  content: '';
  margin-bottom: -0.3864em;
  display: table;
}

.sxlk8sklt963--size-xs::after {
  content: '';
  margin-top: -0.3864em;
  display: table;
}

.sxlk8sk-yo9l7 {
  color: inherit;
  max-width: 65ch;
}

.sxlk8sk-yo9l7:not(:first-child) {
  margin-top: var(--sx-space-5);
}

.sxlk8sk-yo9l7:not(:last-child) {
  margin-bottom: var(--sx-space-5);
}

.sxkoa5n {
  vertical-align: middle;
  max-width: 100%;
}

.sxkoa5n[width] {
  width: auto;
}

.sxkoa5n[width][height] {
  height: auto;
}

.sxkoa5n[src$=".svg"] {
  width: 100%;
  height: auto;
  max-width: none;
}

.sxfcjnm {
  font-family: var(--sx-fonts-body);
  margin: unset;
  padding: unset;
}

.sxfcjnm > .sx03kze:not(:last-child) {
  margin-bottom: var(--sx-space-2);
}

.sxfcjnm > .sx03kze:last-child {
  margin-bottom: 0;
}

.sxfcjnmq7qe9--size-md {
  font-size: var(--sx-fontSizes-md);
  line-height: 1.5;
}

.sxfcjnm4kvou--as-ul {
  padding-left: var(--sx-space-3);
}

.sxfcjnm4kvou--as-ul > .sx03kze {
  padding-left: var(--sx-space-2);
}

.sxfcjnm4kvou--as-ul > .sx03kze::marker {
  content: "•";
  font-weight: bold;
}

.sxfcjnm0fmz6--as-ol {
  padding-left: var(--sx-space-4);
  list-style: decimal;
}

.sxfcjnm0fmz6--as-ol > .sx03kze {
  padding-left: var(--sx-space-1);
}

.sxfcjnm0fmz6--as-ol > .sx03kze::marker {
  font-size: var(--sx-fontSizes-sm);
  font-weight: bold;
}

.sxfcjnm-huhqq p:before,
.sxfcjnm-huhqq p:after {
  display: none;
}

.sxfcjnm-huhqq {
  max-width: 75ch;
}

.sxfcjnm-huhqq:not(:last-child) {
  margin-bottom: var(--sx-space-5);
}

.sxfcjnm-jvdf5 p:before,
.sxfcjnm-jvdf5 p:after {
  display: none;
}

.sxt4nq2 {
  background: var(--sx-colors-tonal100);
  border-radius: var(--sx-radii-1);
  color: var(--sx-colors-tonal600);
  font-family: var(--sx-fonts-mono);
  font-size: var(--sx-fontSizes-sm);
  line-height: 1.4;
  margin-top: var(--sx-space-4);
  margin-bottom: var(--sx-space-4);
  padding: var(--sx-space-3);
}

.sxiwbex {
  font-style: italic;
}

.sx4omy6 {
  background: var(--sx-colors-tonal100);
  border-radius: var(--sx-radii-0);
  color: var(--sx-colors-tonal600);
  display: inline-block;
  font-family: var(--sx-fonts-mono);
  font-size: 85%;
  padding: var(--sx-space-0) var(--sx-space-1);
}

.sxlyjic {
  background: unset;
  border: unset;
  padding: unset;
  color: var(--sx-colors-primary);
  cursor: pointer;
  font-family: var(--sx-fonts-body);
  text-decoration: none;
}

.sxlyjic:focus,
.sxlyjic:hover {
  color: var(--sx-colors-primaryMid);
  text-decoration: underline;
}

.sxlyjic:active {
  color: var(--sx-colors-primaryDark);
}

.sxyn8hn > .sxlyjic,
.sxlk8sk > .sxlyjic,
.sx03kze > .sxlyjic {
  font-size: 100%;
  line-height: 1;
}

.sxyn8hn > .sxlyjic::before,
.sxyn8hn > .sxlyjic::after,
.sxlk8sk > .sxlyjic::before,
.sxlk8sk > .sxlyjic::after,
.sx03kze > .sxlyjic::before,
.sx03kze > .sxlyjic::after {
  content: none;
}

.sxlyjic8bitc--size-md {
  font-size: var(--sx-fontSizes-md);
  line-height: 1.5;
}

.sxlyjic8bitc--size-md::before {
  content: '';
  margin-bottom: -0.3864em;
  display: table;
}

.sxlyjic8bitc--size-md::after {
  content: '';
  margin-top: -0.3864em;
  display: table;
}

.sx4d3ki {
  font-weight: 600;
}

<div>
  <div
    class="sx03kze"
  >
    <hr
      class="sxlgf7o sxlgf7o-76pw2"
    />
    <h2
      class="sxlk8sk sxlk8sk9egxm--size-lg sxlk8sk-yo9l7"
    >
      Headings
    </h2>
    <hr
      class="sxlgf7o sxlgf7o-76pw2"
    />
    <h1
      class="sxlk8sk sxlk8skbk74v--size-xl sxlk8sk-yo9l7"
    >
      h1 Heading
    </h1>
    <h2
      class="sxlk8sk sxlk8sk9egxm--size-lg sxlk8sk-yo9l7"
    >
      h2 Heading
    </h2>
    <h3
      class="sxlk8sk sxlk8sk9zj0i--size-md sxlk8sk-yo9l7"
    >
      h3 Heading
    </h3>
    <h4
      class="sxlk8sk sxlk8skgcpf2--size-sm sxlk8sk-yo9l7"
    >
      h4 Heading
    </h4>
    <h5
      class="sxlk8sk sxlk8sklt963--size-xs sxlk8sk-yo9l7"
    >
      h5 Heading
    </h5>
    <h6
      class="sxlk8sk sxlk8sklt963--size-xs sxlk8sk-yo9l7"
    >
      h6 Heading
    </h6>
    <hr
      class="sxlgf7o sxlgf7o-76pw2"
    />
    <h2
      class="sxlk8sk sxlk8sk9egxm--size-lg sxlk8sk-yo9l7"
    >
      Emphasis
    </h2>
    <hr
      class="sxlgf7o sxlgf7o-76pw2"
    />
    <p
      class="sxyn8hn sxyn8hn8bitc--size-md sxyn8hn-kpzng"
    >
      <strong
        class="sx4d3ki"
      >
        This is bold text
      </strong>
    </p>
    <p
      class="sxyn8hn sxyn8hn8bitc--size-md sxyn8hn-kpzng"
    >
      <strong
        class="sx4d3ki"
      >
        This is bold text
      </strong>
    </p>
    <p
      class="sxyn8hn sxyn8hn8bitc--size-md sxyn8hn-kpzng"
    >
      <em
        class="sxiwbex"
      >
        This is italic text
      </em>
    </p>
    <p
      class="sxyn8hn sxyn8hn8bitc--size-md sxyn8hn-kpzng"
    >
      <em
        class="sxiwbex"
      >
        This is italic text
      </em>
    </p>
    <hr
      class="sxlgf7o sxlgf7o-76pw2"
    />
    <h2
      class="sxlk8sk sxlk8sk9egxm--size-lg sxlk8sk-yo9l7"
    >
      Blockquotes
    </h2>
    <hr
      class="sxlgf7o sxlgf7o-76pw2"
    />
    <hr
      class="sxlgf7o sxlgf7o-76pw2"
    />
    <h2
      class="sxlk8sk sxlk8sk9egxm--size-lg sxlk8sk-yo9l7"
    >
      Lists
    </h2>
    <hr
      class="sxlgf7o sxlgf7o-76pw2"
    />
    <h3
      class="sxlk8sk sxlk8sk9zj0i--size-md sxlk8sk-yo9l7"
    >
      Unordered
    </h3>
    <ul
      class="sxfcjnm sxfcjnmq7qe9--size-md sxfcjnm4kvou--as-ul sxfcjnm-huhqq"
    >
      <li
        class="sx03kze"
      >
        <p
          class="sxyn8hn sxyn8hn8bitc--size-md sxyn8hn-2obmh"
        >
          Create a list by starting a line with 
          <code
            class="sx03kze sx4omy6"
          >
            +
          </code>
          , 
          <code
            class="sx03kze sx4omy6"
          >
            -
          </code>
          , or 
          <code
            class="sx03kze sx4omy6"
          >
            *
          </code>
        </p>
      </li>
      <li
        class="sx03kze"
      >
        <p
          class="sxyn8hn sxyn8hn8bitc--size-md sxyn8hn-2obmh"
        >
          Sub-lists are made by indenting 2 spaces:
        </p>
        <ul
          class="sxfcjnm sxfcjnmq7qe9--size-md sxfcjnm4kvou--as-ul sxfcjnm-jvdf5"
        >
          <li
            class="sx03kze"
          >
            <p
              class="sxyn8hn sxyn8hn8bitc--size-md sxyn8hn-2obmh"
            >
              Marker character change forces new list start:
            </p>
            <ul
              class="sxfcjnm sxfcjnmq7qe9--size-md sxfcjnm4kvou--as-ul sxfcjnm-jvdf5"
            >
              <li
                class="sx03kze"
              >
                <p
                  class="sxyn8hn sxyn8hn8bitc--size-md sxyn8hn-2obmh"
                >
                  Ac tristique libero volutpat at
                </p>
              </li>
            </ul>
            <ul
              class="sxfcjnm sxfcjnmq7qe9--size-md sxfcjnm4kvou--as-ul sxfcjnm-jvdf5"
            >
              <li
                class="sx03kze"
              >
                <p
                  class="sxyn8hn sxyn8hn8bitc--size-md sxyn8hn-2obmh"
                >
                  Facilisis in pretium nisl aliquet
                </p>
              </li>
            </ul>
            <ul
              class="sxfcjnm sxfcjnmq7qe9--size-md sxfcjnm4kvou--as-ul sxfcjnm-jvdf5"
            >
              <li
                class="sx03kze"
              >
                <p
                  class="sxyn8hn sxyn8hn8bitc--size-md sxyn8hn-2obmh"
                >
                  Nulla volutpat aliquam velit
                </p>
              </li>
            </ul>
          </li>
        </ul>
      </li>
      <li
        class="sx03kze"
      >
        <p
          class="sxyn8hn sxyn8hn8bitc--size-md sxyn8hn-2obmh"
        >
          Very easy!
        </p>
      </li>
    </ul>
    <h3
      class="sxlk8sk sxlk8sk9zj0i--size-md sxlk8sk-yo9l7"
    >
      Ordered
    </h3>
    <ol
      class="sxfcjnm sxfcjnmq7qe9--size-md sxfcjnm0fmz6--as-ol sxfcjnm-huhqq"
    >
      <li
        class="sx03kze"
      >
        <p
          class="sxyn8hn sxyn8hn8bitc--size-md sxyn8hn-2obmh"
        >
          Lorem ipsum dolor sit amet
        </p>
      </li>
      <li
        class="sx03kze"
      >
        <p
          class="sxyn8hn sxyn8hn8bitc--size-md sxyn8hn-2obmh"
        >
          Consectetur adipiscing elit
        </p>
      </li>
      <li
        class="sx03kze"
      >
        <p
          class="sxyn8hn sxyn8hn8bitc--size-md sxyn8hn-2obmh"
        >
          Integer molestie lorem at massa
        </p>
      </li>
      <li
        class="sx03kze"
      >
        <p
          class="sxyn8hn sxyn8hn8bitc--size-md sxyn8hn-2obmh"
        >
          You can use sequential numbers...
        </p>
      </li>
      <li
        class="sx03kze"
      >
        <p
          class="sxyn8hn sxyn8hn8bitc--size-md sxyn8hn-2obmh"
        >
          ...or keep all the numbers as 
          <code
            class="sx03kze sx4omy6"
          >
            1.
          </code>
        </p>
      </li>
    </ol>
    <hr
      class="sxlgf7o sxlgf7o-76pw2"
    />
    <h2
      class="sxlk8sk sxlk8sk9egxm--size-lg sxlk8sk-yo9l7"
    >
      Code
    </h2>
    <hr
      class="sxlgf7o sxlgf7o-76pw2"
    />
    <h3
      class="sxlk8sk sxlk8sk9zj0i--size-md sxlk8sk-yo9l7"
    >
      Inline code
    </h3>
    <p
      class="sxyn8hn sxyn8hn8bitc--size-md sxyn8hn-kpzng"
    >
      This is inline 
      <code
        class="sx03kze sx4omy6"
      >
        code
      </code>
    </p>
    <h3
      class="sxlk8sk sxlk8sk9zj0i--size-md sxlk8sk-yo9l7"
    >
      Indented code
    </h3>
    <pre
      class="sx03kze sxt4nq2"
    >
      // Some comments
line 1 of code
line 2 of code
line 3 of code
    </pre>
    <h3
      class="sxlk8sk sxlk8sk9zj0i--size-md sxlk8sk-yo9l7"
    >
      Block code "fences"
    </h3>
    <pre
      class="sx03kze sxt4nq2"
    >
      Sample text here...
    </pre>
    <hr
      class="sxlgf7o sxlgf7o-76pw2"
    />
    <h2
      class="sxlk8sk sxlk8sk9egxm--size-lg sxlk8sk-yo9l7"
    >
      Links
    </h2>
    <hr
      class="sxlgf7o sxlgf7o-76pw2"
    />
    <p
      class="sxyn8hn sxyn8hn8bitc--size-md sxyn8hn-kpzng"
    >
      <a
        class="sxlyjic sxlyjic8bitc--size-md"
        href="http://dev.nodeca.com"
      >
        link text
      </a>
    </p>
    <p
      class="sxyn8hn sxyn8hn8bitc--size-md sxyn8hn-kpzng"
    >
      <a
        class="sxlyjic sxlyjic8bitc--size-md"
        href="http://nodeca.github.io/pica/demo/"
        title="title text!"
      >
        link with title
      </a>
    </p>
    <hr
      class="sxlgf7o sxlgf7o-76pw2"
    />
    <h2
      class="sxlk8sk sxlk8sk9egxm--size-lg sxlk8sk-yo9l7"
    >
      Images
    </h2>
    <hr
      class="sxlgf7o sxlgf7o-76pw2"
    />
    <p
      class="sxyn8hn sxyn8hn8bitc--size-md sxyn8hn-kpzng"
    >
      <img
        alt="Minion"
        class="sxkoa5n"
        src="https://octodex.github.com/images/minion.png"
      />
      

      <img
        alt="Stormtroopocat"
        class="sxkoa5n"
        src="https://octodex.github.com/images/stormtroopocat.jpg"
      />
      "
    </p>
  </div>
</div>
`;
