// Jest Snapshot v1, https://goo.gl/fbAQLP

exports[`Image component renders an image 1`] = `
._jSaEbM[src$=".svg"] {
  max-width: none;
}

._kFmhCF[src$=".svg"] {
  height: auto;
}

._jNYnTj[src$=".svg"] {
  width: 100%;
}

._hGTBgp[width] {
  width: auto;
}

._dPTvOL {
  max-width: 100%;
}

<div>
  <img
    alt=""
    class="_dPTvOL _hGTBgp _jNYnTj _kFmhCF _jSaEbM scid-izWhJr"
    src="http://placekitten.com/200/300"
  />
</div>
`;
