// Jest Snapshot v1, https://goo.gl/fbAQLP

exports[`Image component renders an image 1`] = `
@media  {
  .c-eWgOGC {
    vertical-align: middle;
    max-width: 100%;
  }

  .c-eWgOGC[width] {
    width: auto;
  }

  .c-eWgOGC[width][height] {
    height: auto;
  }

  .c-eWgOGC[src$=".svg"] {
    width: 100%;
    height: auto;
    max-width: none;
  }
}

<div>
  <img
    alt=""
    class="c-eWgOGC"
    src="http://placekitten.com/200/300"
  />
</div>
`;
