// Jest Snapshot v1, https://goo.gl/fbAQLP

exports[`Heading component renders a heading 1`] = `
@media  {
  .c-jryFOR {
    font-family: var(--fonts-display);
    font-weight: 700;
    margin: 0;
  }
}

@media  {
  .c-jryFOR-fOoUdm-size-md {
    font-size: var(--fontSizes-xl);
    line-height: 1.14;
  }

  .c-jryFOR-fOoUdm-size-md::before {
    content: '';
    margin-bottom: -0.2174em;
    display: table;
  }

  .c-jryFOR-fOoUdm-size-md::after {
    content: '';
    margin-top: -0.2254em;
    display: table;
  }
}

<div>
  <h2
    class="c-jryFOR c-jryFOR-fOoUdm-size-md"
  >
    HEADING
  </h2>
</div>
`;
