// Jest Snapshot v1, https://goo.gl/fbAQLP

exports[`NotificationBadge component renders a NotificationBadge 1`] = `
@media  {
  .c-cmpvrW {
    position: relative;
  }

  .c-dhzjXW {
    display: flex;
  }

  .c-deftwF {
    font-family: var(--fonts-body);
    font-size: var(--fontSizes-sm);
    flex-direction: column;
    justify-content: center;
    position: absolute;
    top: 0;
    right: 0;
    transform: translate(calc(var(--sizes-2) / 2), -50%);
    border-radius: var(--radii-round);
    padding: var(--space-2);
    height: var(--sizes-2);
    min-width: var(--sizes-2);
    text-align: center;
    color: #fff;
    background: var(--colors-primary800);
  }

  .c-oUmPa {
    align-items: center;
    -webkit-appearance: none;
    appearance: none;
    background: white;
    border: unset;
    border-radius: var(--radii-0);
    box-sizing: border-box;
    cursor: pointer;
    display: flex;
    flex-shrink: 0;
    justify-content: center;
    padding: unset;
    transition: all 100ms ease-out;
  }

  .c-oUmPa[disabled] {
    opacity: 0.3;
    cursor: not-allowed;
  }

  .c-hMRxhp {
    display: inline-block;
    fill: none;
    flex-shrink: 0;
    stroke: currentcolor;
    stroke-linecap: round;
    stroke-linejoin: round;
    vertical-align: middle;
  }

  .c-hVoQtf {
    background-color: var(--colors-tonal500);
    border-radius: var(--radii-0);
    box-shadow: var(--shadows-0);
    color: white;
    font-family: var(--fonts-body);
    font-size: var(--fontSizes-sm);
    line-height: 1.5;
    white-space: normal;
    padding-left: var(--space-3);
    padding-right: var(--space-3);
    padding-top: var(--space-2);
    padding-bottom: var(--space-2);
    z-index: 10;
  }

@media (prefers-reduced-motion: no-preference) {
    .c-hVoQtf {
      animation-duration: 75ms;
      animation-timing-function: cubic-bezier(0.16, 1, 0.3, 1);
      will-change: transform, opacity;
    }
}

@media (prefers-reduced-motion: no-preference) {
    .c-hVoQtf[data-state="delayed-open"][data-side="top"] {
      animation-name: k-ftcNPK;
    }
}

@media (prefers-reduced-motion: no-preference) {
    .c-hVoQtf[data-state="delayed-open"][data-side="right"] {
      animation-name: k-hbaHED;
    }
}

@media (prefers-reduced-motion: no-preference) {
    .c-hVoQtf[data-state="delayed-open"][data-side="bottom"] {
      animation-name: k-daNevH;
    }
}

@media (prefers-reduced-motion: no-preference) {
    .c-hVoQtf[data-state="delayed-open"][data-side="left"] {
      animation-name: k-fvyGIa;
    }
}
}

@media  {
  .c-oUmPa-kMhpXP-size-lg {
    height: var(--sizes-5);
    width: var(--sizes-5);
  }

  .c-oUmPa-rloUt-isRounded-true {
    border-radius: var(--radii-round);
  }

  .c-hMRxhp-fLGGKn-size-lg {
    height: var(--sizes-3);
    width: var(--sizes-3);
    stroke-width: 2;
  }

  .c-hVoQtf-gWQnqe-size-md {
    max-width: 250px;
  }
}

@media  {
  .c-oUmPa-fboUUB-cv {
    border: 1px solid;
    border-color: currentColor;
    color: var(--colors-primary800);
  }

  .c-oUmPa-fboUUB-cv:not(:disabled):hover,
  .c-oUmPa-fboUUB-cv:not(:disabled):focus {
    color: var(--colors-primary900);
  }

  .c-oUmPa-fboUUB-cv:not(:disabled):active {
    color: var(--colors-primary1000);
  }
}

<div>
  <div
    class="c-PJLV c-cmpvrW"
  >
    <div
      class="c-dhzjXW c-deftwF"
      role="status"
    >
      3
    </div>
    <button
      aria-label="testing"
      class="c-oUmPa c-oUmPa-kMhpXP-size-lg c-oUmPa-rloUt-isRounded-true c-oUmPa-fboUUB-cv c-PJLV"
      data-state="closed"
      type="button"
    >
      <svg
        aria-hidden="true"
        class="c-hMRxhp c-hMRxhp-fLGGKn-size-lg c-hMRxhp-iPJLV-css"
        viewBox="0 0 24 24"
        xmlns="http://www.w3.org/2000/svg"
      >
        <path
          d="M17 18V6m-5 12V6M7 18V6M5 8h4m1 8h4m1-4h4"
        />
      </svg>
    </button>
  </div>
</div>
`;
