// Jest Snapshot v1, https://goo.gl/fbAQLP

exports[`ToggleGroup renders 1`] = `
@media  {
  .c-jgdwfn {
    display: flex;
  }

  .c-jgdwfn > * {
    margin: 0;
  }

  .c-fdTLEV {
    background: white;
    color: var(--colors-tonal400);
    border: 1px solid var(--colors-tonal200);
    cursor: pointer;
  }

  .c-fdTLEV::before {
    background: var(--colors-tonal200);
  }

  .c-fdTLEV:not([disabled]):hover::before,
  .c-fdTLEV:not([disabled]):focus-visible::before,
  .c-fdTLEV:not([disabled])[data-state="on"]::before {
    background: none;
  }

  .c-fdTLEV:not([disabled]):hover {
    border-color: currentColor !important;
    color: var(--colors-primary900);
  }

  .c-fdTLEV:not([disabled]):focus-visible {
    outline: none;
    position: relative;
    z-index: 1;
    box-shadow: white 0px 0px 0px 2px, var(--colors-primary) 0px 0px 0px 4px;
  }

  .c-fdTLEV:not([disabled]):focus-visible[data-state="off"] {
    border-color: var(--colors-tonal200) !important;
  }

  .c-fdTLEV:not([disabled]):focus-visible[data-state="on"] {
    box-shadow: inset currentColor 0px 0px 0px 1px, white 0px 0px 0px 2px, var(--colors-primary) 0px 0px 0px 4px;
  }

  .c-fdTLEV[disabled] {
    opacity: 0.3;
    cursor: not-allowed;
  }

  .c-fdTLEV[data-state="on"] {
    color: var(--colors-primary800);
    border-color: currentColor !important;
    box-shadow: inset currentColor 0px 0px 0px 1px;
  }

  .c-cepAPw {
    flex-grow: 1;
    display: flex;
    align-items: center;
    justify-content: center;
    font-weight: 600;
    line-height: 1;
    padding-top: var(--space-1);
    padding-bottom: var(--space-1);
  }

  .c-hMRxhp {
    display: inline-block;
    fill: none;
    flex-shrink: 0;
    stroke: currentcolor;
    stroke-linecap: round;
    stroke-linejoin: round;
    vertical-align: middle;
  }

  .c-flWDnm {
    width: fit-content;
  }
}

@media  {
  .c-jgdwfn-iTKOFX-direction-column {
    flex-direction: column;
  }

  .c-jgdwfn-hjymVw-wrap-no-wrap {
    flex-wrap: no-wrap;
  }

  .c-jgdwfn-awKDG-justify-start {
    justify-content: flex-start;
  }

  .c-jgdwfn-dPMagj-gap-2 {
    margin-top: calc(var(--space-2)*-1);
    margin-left: calc(var(--space-2)*-1);
  }

  .c-jgdwfn-dPMagj-gap-2 > * {
    margin-top: var(--space-2);
    margin-left: var(--space-2);
  }

  .c-cepAPw-fKibdn-size-sm {
    font-size: var(--fontSizes-sm);
    padding-left: var(--space-4);
    padding-right: var(--space-4);
    min-height: 32px;
  }

  .c-cepAPw-fKibdn-size-sm > *:not(:last-child) {
    margin-right: var(--space-2);
  }

  .c-hMRxhp-cyeZeh-size-sm {
    height: var(--sizes-1);
    width: var(--sizes-1);
    stroke-width: 1.5;
  }

  .c-flWDnm-SpZMc-hasGap-true .c-fdTLEV {
    border-radius: var(--radii-0);
  }
}

<div>
  <div
    class="c-flWDnm c-flWDnm-SpZMc-hasGap-true"
    data-orientation="vertical"
    dir="ltr"
    role="group"
    style="outline: none;"
    tabindex="0"
  >
    <div
      class="c-jgdwfn c-jgdwfn-iTKOFX-direction-column c-jgdwfn-hjymVw-wrap-no-wrap c-jgdwfn-awKDG-justify-start c-jgdwfn-dPMagj-gap-2"
    >
      <button
        aria-pressed="true"
        class="c-fdTLEV"
        data-disabled=""
        data-orientation="vertical"
        data-radix-collection-item=""
        data-state="on"
        disabled=""
        tabindex="-1"
        type="button"
      >
        item
      </button>
      <button
        aria-pressed="true"
        class="c-fdTLEV c-cepAPw c-cepAPw-fKibdn-size-sm"
        data-disabled=""
        data-orientation="vertical"
        data-radix-collection-item=""
        data-state="on"
        disabled=""
        tabindex="-1"
        type="button"
      >
        <span>
           
        </span>
        <span>
          button A
        </span>
        <span>
           
        </span>
      </button>
      <button
        aria-pressed="false"
        class="c-fdTLEV c-cepAPw c-cepAPw-fKibdn-size-sm"
        data-orientation="vertical"
        data-radix-collection-item=""
        data-state="off"
        tabindex="-1"
        type="button"
      >
        button B
      </button>
      <button
        aria-pressed="false"
        class="c-fdTLEV c-cepAPw c-cepAPw-fKibdn-size-sm"
        data-orientation="vertical"
        data-radix-collection-item=""
        data-state="off"
        tabindex="-1"
        type="button"
      >
        <svg
          aria-hidden="true"
          class="c-hMRxhp c-hMRxhp-cyeZeh-size-sm"
          viewBox="0 0 24 24"
          xmlns="http://www.w3.org/2000/svg"
        >
          <path
            d="M12 4v13"
          />
          <polyline
            points="7 8 12 3 17 8"
          />
          <path
            d="M20 21H4"
          />
        </svg>
        <span>
          Button with icon
        </span>
      </button>
    </div>
  </div>
</div>
`;
