// Vitest Snapshot v1

exports[`ToggleGroup > renders 1`] = `
<div>
  <div
    class="c-flWDnm c-flWDnm-epWAHO-hasGap-true"
    data-orientation="vertical"
    dir="ltr"
    role="group"
    style="outline: none;"
    tabindex="0"
  >
    <div
      class="c-jgdwfn c-jgdwfn-iTKOFX-direction-column c-jgdwfn-hjymVw-wrap-no-wrap c-jgdwfn-awKDG-justify-start c-jgdwfn-dPMagj-gap-2"
    >
      <button
        aria-pressed="true"
        class="c-iVViNQ"
        data-disabled=""
        data-orientation="vertical"
        data-radix-collection-item=""
        data-state="on"
        disabled=""
        tabindex="-1"
        type="button"
      >
        item
      </button>
      <button
        aria-pressed="true"
        class="c-iVViNQ c-gxXeKS c-gxXeKS-fKibdn-size-sm"
        data-disabled=""
        data-orientation="vertical"
        data-radix-collection-item=""
        data-state="on"
        disabled=""
        tabindex="-1"
        type="button"
      >
         button A 
      </button>
      <button
        aria-pressed="false"
        class="c-iVViNQ c-gxXeKS c-gxXeKS-fKibdn-size-sm"
        data-orientation="vertical"
        data-radix-collection-item=""
        data-state="off"
        tabindex="-1"
        type="button"
      >
        button B
      </button>
      <button
        aria-pressed="false"
        class="c-iVViNQ c-gxXeKS c-gxXeKS-fKibdn-size-sm"
        data-orientation="vertical"
        data-radix-collection-item=""
        data-state="off"
        tabindex="-1"
        type="button"
      >
        <svg
          aria-hidden="true"
          class="c-dbrbZt c-dbrbZt-eAiySG-size-sm"
          viewBox="0 0 24 24"
          xmlns="http://www.w3.org/2000/svg"
        >
          <path
            d="M12 4v13"
          />
          <polyline
            points="7 8 12 3 17 8"
          />
          <path
            d="M20 21H4"
          />
        </svg>
        <span>
          Button with icon
        </span>
      </button>
    </div>
  </div>
</div>
`;
